Component: ARM Compiler 5.06 update 6 (build 750) Tool: armlink [4d35ed]

==============================================================================

Section Cross References

    startup_stm32f10x_md.o(STACK) refers (Special) to heapauxi.o(.text) for __use_two_region_memory
    startup_stm32f10x_md.o(HEAP) refers (Special) to heapauxi.o(.text) for __use_two_region_memory
    startup_stm32f10x_md.o(RESET) refers (Special) to heapauxi.o(.text) for __use_two_region_memory
    startup_stm32f10x_md.o(RESET) refers to startup_stm32f10x_md.o(STACK) for __initial_sp
    startup_stm32f10x_md.o(RESET) refers to startup_stm32f10x_md.o(.text) for Reset_Handler
    startup_stm32f10x_md.o(RESET) refers to exti.o(.text) for EXTI9_5_IRQHandler
    startup_stm32f10x_md.o(RESET) refers to control.o(.text) for TIM1_UP_IRQHandler
    startup_stm32f10x_md.o(RESET) refers to encoder.o(.text) for TIM2_IRQHandler
    startup_stm32f10x_md.o(RESET) refers to show.o(.text) for USART1_IRQHandler
    startup_stm32f10x_md.o(.text) refers (Special) to heapauxi.o(.text) for __use_two_region_memory
    startup_stm32f10x_md.o(.text) refers to __main.o(!!!main) for __main
    startup_stm32f10x_md.o(.text) refers to startup_stm32f10x_md.o(HEAP) for Heap_Mem
    startup_stm32f10x_md.o(.text) refers to startup_stm32f10x_md.o(STACK) for Stack_Mem
    mainprogram.o(.text) refers to sys.o(.text) for Stm32_Clock_Init
    mainprogram.o(.text) refers to delay.o(.text) for delay_init
    mainprogram.o(.text) refers to led.o(.text) for LED_Init
    mainprogram.o(.text) refers to exti.o(.text) for EXTI_Init
    mainprogram.o(.text) refers to usart.o(.text) for uart_init
    mainprogram.o(.text) refers to motor.o(.text) for Motor_PWM_Init
    mainprogram.o(.text) refers to timer.o(.text) for Timer1_Init
    mainprogram.o(.text) refers to show.o(.text) for dataTxRx
    mainprogram.o(.text) refers to mainprogram.o(.data) for motor_flag
    delay.o(.text) refers to delay.o(.data) for fac_us
    sys.o(.text) refers to sys.o(.emb_text) for WFI_SET
    usart.o(.text) refers (Special) to use_no_semi_2.o(.text) for __use_no_semihosting
    usart.o(.text) refers to fflt_clz.o(x$fpl$ffltu) for __aeabi_ui2f
    usart.o(.text) refers to fdiv.o(x$fpl$fdiv) for __aeabi_fdiv
    usart.o(.text) refers to ffixu.o(x$fpl$ffixu) for __aeabi_f2uiz
    usart.o(.text) refers to faddsub_clz.o(x$fpl$frsb) for __aeabi_frsub
    usart.o(.text) refers to fmul.o(x$fpl$fmul) for __aeabi_fmul
    usart.o(.text) refers to sys.o(.text) for MY_NVIC_Init
    usart.o(.data) refers (Special) to use_no_semi_2.o(.text) for __use_no_semihosting
    led.o(.text) refers to led.o(.data) for temp
    key.o(.text) refers to key.o(.data) for Forever_count
    oled.o(.text) refers to delay.o(.text) for delay_ms
    oled.o(.text) refers to oled.o(.bss) for OLED_GRAM
    oled.o(.text) refers to oled.o(.constdata) for oled_asc2_1206
    adc.o(.text) refers to dflt_clz.o(x$fpl$dfltu) for __aeabi_ui2d
    adc.o(.text) refers to dmul.o(x$fpl$dmul) for __aeabi_dmul
    adc.o(.text) refers to ddiv.o(x$fpl$ddiv) for __aeabi_ddiv
    adc.o(.text) refers to dfix.o(x$fpl$dfix) for __aeabi_d2iz
    adc.o(.text) refers to delay.o(.text) for delay_ms
    timer.o(.text) refers to sys.o(.text) for MY_NVIC_Init
    encoder.o(.text) refers to sys.o(.text) for MY_NVIC_Init
    exti.o(.text) refers to key.o(.text) for KEY_Init
    exti.o(.text) refers to sys.o(.text) for Ex_NVIC_Config
    exti.o(.text) refers to delay.o(.text) for delay_ms
    exti.o(.text) refers to faddsub_clz.o(x$fpl$fadd) for __aeabi_fadd
    exti.o(.text) refers to feqf.o(x$fpl$feqf) for __aeabi_cfcmpeq
    exti.o(.text) refers to fleqf.o(x$fpl$fleqf) for __aeabi_cfcmple
    exti.o(.text) refers to mainprogram.o(.data) for Flag_Stop
    control.o(.text) refers to feqf.o(x$fpl$feqf) for __aeabi_cfcmpeq
    control.o(.text) refers to led.o(.text) for Led_Flash
    control.o(.text) refers to faddsub_clz.o(x$fpl$fsub) for __aeabi_fsub
    control.o(.text) refers to fmul.o(x$fpl$fmul) for __aeabi_fmul
    control.o(.text) refers to ffix.o(x$fpl$ffix) for __aeabi_f2iz
    control.o(.text) refers to fflt_clz.o(x$fpl$fflt) for __aeabi_i2f
    control.o(.text) refers to f2d.o(x$fpl$f2d) for __aeabi_f2d
    control.o(.text) refers to dmul.o(x$fpl$dmul) for __aeabi_dmul
    control.o(.text) refers to d2f.o(x$fpl$d2f) for __aeabi_d2f
    control.o(.text) refers to daddsub_clz.o(x$fpl$dadd) for __aeabi_dadd
    control.o(.text) refers to faddsub_clz.o(x$fpl$fadd) for __aeabi_fadd
    control.o(.text) refers to key.o(.text) for click_N_Double
    control.o(.text) refers to mainprogram.o(.data) for Flag_Stop
    control.o(.text) refers to control.o(.data) for Last_Bias
    show.o(.text) refers to oled.o(.text) for OLED_ShowString
    show.o(.text) refers to ffixu.o(x$fpl$ffixu) for __aeabi_f2uiz
    show.o(.text) refers to fmul.o(x$fpl$fmul) for __aeabi_fmul
    show.o(.text) refers to ffix.o(x$fpl$ffix) for __aeabi_f2iz
    show.o(.text) refers to feqf.o(x$fpl$feqf) for __aeabi_cfcmpeq
    show.o(.text) refers to mainprogram.o(.data) for Balance_KP
    show.o(.text) refers to data_protocol.o(.text) for dataSendBuffer_GetData
    show.o(.text) refers to fflt_clz.o(x$fpl$fflt) for __aeabi_i2f
    show.o(.text) refers to rt_memclr.o(.text) for __aeabi_memclr
    show.o(.text) refers to show.o(.data) for Send_Count
    show.o(.text) refers to data_protocol.o(.bss) for DataSend_Buffer
    show.o(.text) refers to data_protocol.o(.data) for receiveBuffer_cnt
    data_protocol.o(.text) refers to data_protocol.o(.bss) for DataSend_Buffer
    data_protocol.o(.text) refers to data_protocol.o(.data) for head_idx
    use_no_semi_2.o(.text) refers (Special) to use_no_semi.o(.text) for __use_no_semihosting_swi
    rt_memclr.o(.text) refers to rt_memclr_w.o(.text) for _memset_w
    __main.o(!!!main) refers to __rtentry.o(.ARM.Collect$$rtentry$$00000000) for __rt_entry
    d2f.o(x$fpl$d2f) refers (Special) to usenofp.o(x$fpl$usenofp) for __I$use$fp
    d2f.o(x$fpl$d2f) refers to fretinf.o(x$fpl$fretinf) for __fpl_fretinf
    d2f.o(x$fpl$d2f) refers to dnaninf.o(x$fpl$dnaninf) for __fpl_dnaninf
    daddsub_clz.o(x$fpl$dadd) refers (Special) to usenofp.o(x$fpl$usenofp) for __I$use$fp
    daddsub_clz.o(x$fpl$dadd) refers to daddsub_clz.o(x$fpl$dsub) for _dsub1
    daddsub_clz.o(x$fpl$dadd) refers to dretinf.o(x$fpl$dretinf) for __fpl_dretinf
    daddsub_clz.o(x$fpl$dadd) refers to dnaninf.o(x$fpl$dnaninf) for __fpl_dnaninf
    daddsub_clz.o(x$fpl$drsb) refers (Special) to usenofp.o(x$fpl$usenofp) for __I$use$fp
    daddsub_clz.o(x$fpl$drsb) refers to daddsub_clz.o(x$fpl$dadd) for _dadd1
    daddsub_clz.o(x$fpl$drsb) refers to daddsub_clz.o(x$fpl$dsub) for _dsub1
    daddsub_clz.o(x$fpl$dsub) refers (Special) to usenofp.o(x$fpl$usenofp) for __I$use$fp
    daddsub_clz.o(x$fpl$dsub) refers to daddsub_clz.o(x$fpl$dadd) for _dadd1
    daddsub_clz.o(x$fpl$dsub) refers to dnaninf.o(x$fpl$dnaninf) for __fpl_dnaninf
    ddiv.o(x$fpl$drdiv) refers (Special) to usenofp.o(x$fpl$usenofp) for __I$use$fp
    ddiv.o(x$fpl$drdiv) refers to ddiv.o(x$fpl$ddiv) for ddiv_entry
    ddiv.o(x$fpl$ddiv) refers (Special) to usenofp.o(x$fpl$usenofp) for __I$use$fp
    ddiv.o(x$fpl$ddiv) refers to dretinf.o(x$fpl$dretinf) for __fpl_dretinf
    ddiv.o(x$fpl$ddiv) refers to dnaninf.o(x$fpl$dnaninf) for __fpl_dnaninf
    dfix.o(x$fpl$dfix) refers (Special) to usenofp.o(x$fpl$usenofp) for __I$use$fp
    dfix.o(x$fpl$dfix) refers to dnaninf.o(x$fpl$dnaninf) for __fpl_dnaninf
    dfix.o(x$fpl$dfixr) refers (Special) to usenofp.o(x$fpl$usenofp) for __I$use$fp
    dfix.o(x$fpl$dfixr) refers to dnaninf.o(x$fpl$dnaninf) for __fpl_dnaninf
    dflt_clz.o(x$fpl$dfltu) refers (Special) to usenofp.o(x$fpl$usenofp) for __I$use$fp
    dflt_clz.o(x$fpl$dflt) refers (Special) to usenofp.o(x$fpl$usenofp) for __I$use$fp
    dflt_clz.o(x$fpl$dfltn) refers (Special) to usenofp.o(x$fpl$usenofp) for __I$use$fp
    dmul.o(x$fpl$dmul) refers (Special) to usenofp.o(x$fpl$usenofp) for __I$use$fp
    dmul.o(x$fpl$dmul) refers to dretinf.o(x$fpl$dretinf) for __fpl_dretinf
    dmul.o(x$fpl$dmul) refers to dnaninf.o(x$fpl$dnaninf) for __fpl_dnaninf
    f2d.o(x$fpl$f2d) refers (Special) to usenofp.o(x$fpl$usenofp) for __I$use$fp
    f2d.o(x$fpl$f2d) refers to fnaninf.o(x$fpl$fnaninf) for __fpl_fnaninf
    f2d.o(x$fpl$f2d) refers to dretinf.o(x$fpl$dretinf) for __fpl_dretinf
    faddsub_clz.o(x$fpl$fadd) refers (Special) to usenofp.o(x$fpl$usenofp) for __I$use$fp
    faddsub_clz.o(x$fpl$fadd) refers to faddsub_clz.o(x$fpl$fsub) for _fsub1
    faddsub_clz.o(x$fpl$fadd) refers to fretinf.o(x$fpl$fretinf) for __fpl_fretinf
    faddsub_clz.o(x$fpl$fadd) refers to fnaninf.o(x$fpl$fnaninf) for __fpl_fnaninf
    faddsub_clz.o(x$fpl$frsb) refers (Special) to usenofp.o(x$fpl$usenofp) for __I$use$fp
    faddsub_clz.o(x$fpl$frsb) refers to faddsub_clz.o(x$fpl$fadd) for _fadd1
    faddsub_clz.o(x$fpl$frsb) refers to faddsub_clz.o(x$fpl$fsub) for _fsub1
    faddsub_clz.o(x$fpl$fsub) refers (Special) to usenofp.o(x$fpl$usenofp) for __I$use$fp
    faddsub_clz.o(x$fpl$fsub) refers to faddsub_clz.o(x$fpl$fadd) for _fadd1
    faddsub_clz.o(x$fpl$fsub) refers to fnaninf.o(x$fpl$fnaninf) for __fpl_fnaninf
    fdiv.o(x$fpl$frdiv) refers (Special) to usenofp.o(x$fpl$usenofp) for __I$use$fp
    fdiv.o(x$fpl$frdiv) refers to fdiv.o(x$fpl$fdiv) for _fdiv1
    fdiv.o(x$fpl$fdiv) refers (Special) to usenofp.o(x$fpl$usenofp) for __I$use$fp
    fdiv.o(x$fpl$fdiv) refers to fretinf.o(x$fpl$fretinf) for __fpl_fretinf
    fdiv.o(x$fpl$fdiv) refers to fnaninf.o(x$fpl$fnaninf) for __fpl_fnaninf
    feqf.o(x$fpl$feqf) refers (Special) to usenofp.o(x$fpl$usenofp) for __I$use$fp
    feqf.o(x$fpl$feqf) refers to fnaninf.o(x$fpl$fnaninf) for __fpl_fnaninf
    feqf.o(x$fpl$feqf) refers to fcmpi.o(x$fpl$fcmpinf) for __fpl_fcmp_Inf
    ffix.o(x$fpl$ffix) refers (Special) to usenofp.o(x$fpl$usenofp) for __I$use$fp
    ffix.o(x$fpl$ffix) refers to fnaninf.o(x$fpl$fnaninf) for __fpl_fnaninf
    ffix.o(x$fpl$ffixr) refers (Special) to usenofp.o(x$fpl$usenofp) for __I$use$fp
    ffix.o(x$fpl$ffixr) refers to fnaninf.o(x$fpl$fnaninf) for __fpl_fnaninf
    ffixu.o(x$fpl$ffixu) refers (Special) to usenofp.o(x$fpl$usenofp) for __I$use$fp
    ffixu.o(x$fpl$ffixu) refers to fnaninf.o(x$fpl$fnaninf) for __fpl_fnaninf
    ffixu.o(x$fpl$ffixur) refers (Special) to usenofp.o(x$fpl$usenofp) for __I$use$fp
    ffixu.o(x$fpl$ffixur) refers to fnaninf.o(x$fpl$fnaninf) for __fpl_fnaninf
    fflt_clz.o(x$fpl$ffltu) refers (Special) to usenofp.o(x$fpl$usenofp) for __I$use$fp
    fflt_clz.o(x$fpl$fflt) refers (Special) to usenofp.o(x$fpl$usenofp) for __I$use$fp
    fflt_clz.o(x$fpl$ffltn) refers (Special) to usenofp.o(x$fpl$usenofp) for __I$use$fp
    fleqf.o(x$fpl$fleqf) refers (Special) to usenofp.o(x$fpl$usenofp) for __I$use$fp
    fleqf.o(x$fpl$fleqf) refers to fnaninf.o(x$fpl$fnaninf) for __fpl_fnaninf
    fleqf.o(x$fpl$fleqf) refers to fcmpi.o(x$fpl$fcmpinf) for __fpl_fcmp_Inf
    fmul.o(x$fpl$fmul) refers (Special) to usenofp.o(x$fpl$usenofp) for __I$use$fp
    fmul.o(x$fpl$fmul) refers to fretinf.o(x$fpl$fretinf) for __fpl_fretinf
    fmul.o(x$fpl$fmul) refers to fnaninf.o(x$fpl$fnaninf) for __fpl_fnaninf
    __rtentry.o(.ARM.Collect$$rtentry$$00000000) refers (Special) to __rtentry2.o(.ARM.Collect$$rtentry$$0000000A) for __rt_entry_li
    __rtentry.o(.ARM.Collect$$rtentry$$00000000) refers (Special) to __rtentry2.o(.ARM.Collect$$rtentry$$0000000D) for __rt_entry_main
    __rtentry.o(.ARM.Collect$$rtentry$$00000000) refers (Special) to __rtentry2.o(.ARM.Collect$$rtentry$$0000000C) for __rt_entry_postli_1
    __rtentry.o(.ARM.Collect$$rtentry$$00000000) refers (Special) to __rtentry2.o(.ARM.Collect$$rtentry$$00000009) for __rt_entry_postsh_1
    __rtentry.o(.ARM.Collect$$rtentry$$00000000) refers (Special) to __rtentry2.o(.ARM.Collect$$rtentry$$00000002) for __rt_entry_presh_1
    __rtentry.o(.ARM.Collect$$rtentry$$00000000) refers (Special) to __rtentry4.o(.ARM.Collect$$rtentry$$00000004) for __rt_entry_sh
    dnaninf.o(x$fpl$dnaninf) refers (Special) to usenofp.o(x$fpl$usenofp) for __I$use$fp
    dretinf.o(x$fpl$dretinf) refers (Special) to usenofp.o(x$fpl$usenofp) for __I$use$fp
    fcmpi.o(x$fpl$fcmpinf) refers (Special) to usenofp.o(x$fpl$usenofp) for __I$use$fp
    fnaninf.o(x$fpl$fnaninf) refers (Special) to usenofp.o(x$fpl$usenofp) for __I$use$fp
    fretinf.o(x$fpl$fretinf) refers (Special) to usenofp.o(x$fpl$usenofp) for __I$use$fp
    __rtentry2.o(.ARM.Collect$$rtentry$$00000008) refers to boardinit2.o(.text) for _platform_post_stackheap_init
    __rtentry2.o(.ARM.Collect$$rtentry$$0000000A) refers to libinit.o(.ARM.Collect$$libinit$$00000000) for __rt_lib_init
    __rtentry2.o(.ARM.Collect$$rtentry$$0000000B) refers to boardinit3.o(.text) for _platform_post_lib_init
    __rtentry2.o(.ARM.Collect$$rtentry$$0000000D) refers to mainprogram.o(.text) for main
    __rtentry2.o(.ARM.Collect$$rtentry$$0000000D) refers to exit.o(.text) for exit
    __rtentry2.o(.ARM.exidx) refers to __rtentry2.o(.ARM.Collect$$rtentry$$00000001) for .ARM.Collect$$rtentry$$00000001
    __rtentry2.o(.ARM.exidx) refers to __rtentry2.o(.ARM.Collect$$rtentry$$00000008) for .ARM.Collect$$rtentry$$00000008
    __rtentry2.o(.ARM.exidx) refers to __rtentry2.o(.ARM.Collect$$rtentry$$0000000A) for .ARM.Collect$$rtentry$$0000000A
    __rtentry2.o(.ARM.exidx) refers to __rtentry2.o(.ARM.Collect$$rtentry$$0000000B) for .ARM.Collect$$rtentry$$0000000B
    __rtentry2.o(.ARM.exidx) refers to __rtentry2.o(.ARM.Collect$$rtentry$$0000000D) for .ARM.Collect$$rtentry$$0000000D
    __rtentry4.o(.ARM.Collect$$rtentry$$00000004) refers to sys_stackheap_outer.o(.text) for __user_setup_stackheap
    __rtentry4.o(.ARM.exidx) refers to __rtentry4.o(.ARM.Collect$$rtentry$$00000004) for .ARM.Collect$$rtentry$$00000004
    sys_stackheap_outer.o(.text) refers to libspace.o(.text) for __user_perproc_libspace
    sys_stackheap_outer.o(.text) refers to startup_stm32f10x_md.o(.text) for __user_initial_stackheap
    exit.o(.text) refers to rtexit.o(.ARM.Collect$$rtexit$$00000000) for __rt_exit
    libinit.o(.ARM.Collect$$libinit$$00000000) refers (Special) to libinit2.o(.ARM.Collect$$libinit$$0000002E) for __rt_lib_init_alloca_1
    libinit.o(.ARM.Collect$$libinit$$00000000) refers (Special) to libinit2.o(.ARM.Collect$$libinit$$0000002C) for __rt_lib_init_argv_1
    libinit.o(.ARM.Collect$$libinit$$00000000) refers (Special) to libinit2.o(.ARM.Collect$$libinit$$0000001B) for __rt_lib_init_atexit_1
    libinit.o(.ARM.Collect$$libinit$$00000000) refers (Special) to libinit2.o(.ARM.Collect$$libinit$$00000021) for __rt_lib_init_clock_1
    libinit.o(.ARM.Collect$$libinit$$00000000) refers (Special) to libinit2.o(.ARM.Collect$$libinit$$00000032) for __rt_lib_init_cpp_1
    libinit.o(.ARM.Collect$$libinit$$00000000) refers (Special) to libinit2.o(.ARM.Collect$$libinit$$00000030) for __rt_lib_init_exceptions_1
    libinit.o(.ARM.Collect$$libinit$$00000000) refers (Special) to libinit2.o(.ARM.Collect$$libinit$$00000002) for __rt_lib_init_fp_1
    libinit.o(.ARM.Collect$$libinit$$00000000) refers (Special) to libinit2.o(.ARM.Collect$$libinit$$0000001F) for __rt_lib_init_fp_trap_1
    libinit.o(.ARM.Collect$$libinit$$00000000) refers (Special) to libinit2.o(.ARM.Collect$$libinit$$00000023) for __rt_lib_init_getenv_1
    libinit.o(.ARM.Collect$$libinit$$00000000) refers (Special) to libinit2.o(.ARM.Collect$$libinit$$0000000A) for __rt_lib_init_heap_1
    libinit.o(.ARM.Collect$$libinit$$00000000) refers (Special) to libinit2.o(.ARM.Collect$$libinit$$00000011) for __rt_lib_init_lc_collate_1
    libinit.o(.ARM.Collect$$libinit$$00000000) refers (Special) to libinit2.o(.ARM.Collect$$libinit$$00000013) for __rt_lib_init_lc_ctype_1
    libinit.o(.ARM.Collect$$libinit$$00000000) refers (Special) to libinit2.o(.ARM.Collect$$libinit$$00000015) for __rt_lib_init_lc_monetary_1
    libinit.o(.ARM.Collect$$libinit$$00000000) refers (Special) to libinit2.o(.ARM.Collect$$libinit$$00000017) for __rt_lib_init_lc_numeric_1
    libinit.o(.ARM.Collect$$libinit$$00000000) refers (Special) to libinit2.o(.ARM.Collect$$libinit$$00000019) for __rt_lib_init_lc_time_1
    libinit.o(.ARM.Collect$$libinit$$00000000) refers (Special) to libinit2.o(.ARM.Collect$$libinit$$00000004) for __rt_lib_init_preinit_1
    libinit.o(.ARM.Collect$$libinit$$00000000) refers (Special) to libinit2.o(.ARM.Collect$$libinit$$0000000E) for __rt_lib_init_rand_1
    libinit.o(.ARM.Collect$$libinit$$00000000) refers (Special) to libinit2.o(.ARM.Collect$$libinit$$00000033) for __rt_lib_init_return
    libinit.o(.ARM.Collect$$libinit$$00000000) refers (Special) to libinit2.o(.ARM.Collect$$libinit$$0000001D) for __rt_lib_init_signal_1
    libinit.o(.ARM.Collect$$libinit$$00000000) refers (Special) to libinit2.o(.ARM.Collect$$libinit$$00000025) for __rt_lib_init_stdio_1
    libinit.o(.ARM.Collect$$libinit$$00000000) refers (Special) to libinit2.o(.ARM.Collect$$libinit$$0000000C) for __rt_lib_init_user_alloc_1
    libspace.o(.text) refers to libspace.o(.bss) for __libspace_start
    rtexit.o(.ARM.Collect$$rtexit$$00000000) refers (Special) to rtexit2.o(.ARM.Collect$$rtexit$$00000004) for __rt_exit_exit
    rtexit.o(.ARM.Collect$$rtexit$$00000000) refers (Special) to rtexit2.o(.ARM.Collect$$rtexit$$00000003) for __rt_exit_ls
    rtexit.o(.ARM.Collect$$rtexit$$00000000) refers (Special) to rtexit2.o(.ARM.Collect$$rtexit$$00000002) for __rt_exit_prels_1
    rtexit.o(.ARM.exidx) refers (Special) to rtexit2.o(.ARM.Collect$$rtexit$$00000004) for __rt_exit_exit
    rtexit.o(.ARM.exidx) refers (Special) to rtexit2.o(.ARM.Collect$$rtexit$$00000003) for __rt_exit_ls
    rtexit.o(.ARM.exidx) refers (Special) to rtexit2.o(.ARM.Collect$$rtexit$$00000002) for __rt_exit_prels_1
    rtexit.o(.ARM.exidx) refers to rtexit.o(.ARM.Collect$$rtexit$$00000000) for .ARM.Collect$$rtexit$$00000000
    libinit2.o(.ARM.Collect$$libinit$$00000010) refers to libinit2.o(.ARM.Collect$$libinit$$0000000F) for .ARM.Collect$$libinit$$0000000F
    libinit2.o(.ARM.Collect$$libinit$$00000012) refers to libinit2.o(.ARM.Collect$$libinit$$0000000F) for .ARM.Collect$$libinit$$0000000F
    libinit2.o(.ARM.Collect$$libinit$$00000014) refers to libinit2.o(.ARM.Collect$$libinit$$0000000F) for .ARM.Collect$$libinit$$0000000F
    libinit2.o(.ARM.Collect$$libinit$$00000016) refers to libinit2.o(.ARM.Collect$$libinit$$0000000F) for .ARM.Collect$$libinit$$0000000F
    libinit2.o(.ARM.Collect$$libinit$$00000018) refers to libinit2.o(.ARM.Collect$$libinit$$0000000F) for .ARM.Collect$$libinit$$0000000F
    libinit2.o(.ARM.Collect$$libinit$$00000026) refers to argv_veneer.o(.emb_text) for __ARM_argv_veneer
    libinit2.o(.ARM.Collect$$libinit$$00000027) refers to argv_veneer.o(.emb_text) for __ARM_argv_veneer
    rtexit2.o(.ARM.Collect$$rtexit$$00000003) refers to libshutdown.o(.ARM.Collect$$libshutdown$$00000000) for __rt_lib_shutdown
    rtexit2.o(.ARM.Collect$$rtexit$$00000004) refers to usart.o(.text) for _sys_exit
    rtexit2.o(.ARM.exidx) refers to rtexit2.o(.ARM.Collect$$rtexit$$00000001) for .ARM.Collect$$rtexit$$00000001
    rtexit2.o(.ARM.exidx) refers to rtexit2.o(.ARM.Collect$$rtexit$$00000003) for .ARM.Collect$$rtexit$$00000003
    rtexit2.o(.ARM.exidx) refers to rtexit2.o(.ARM.Collect$$rtexit$$00000004) for .ARM.Collect$$rtexit$$00000004
    argv_veneer.o(.emb_text) refers to no_argv.o(.text) for __ARM_get_argv
    _get_argv_nomalloc.o(.text) refers (Special) to hrguard.o(.text) for __heap_region$guard
    _get_argv_nomalloc.o(.text) refers to defsig_rtmem_outer.o(.text) for __rt_SIGRTMEM
    _get_argv_nomalloc.o(.text) refers to sys_command.o(.text) for _sys_command_string
    libshutdown.o(.ARM.Collect$$libshutdown$$00000000) refers (Special) to libshutdown2.o(.ARM.Collect$$libshutdown$$00000002) for __rt_lib_shutdown_cpp_1
    libshutdown.o(.ARM.Collect$$libshutdown$$00000000) refers (Special) to libshutdown2.o(.ARM.Collect$$libshutdown$$00000007) for __rt_lib_shutdown_fp_trap_1
    libshutdown.o(.ARM.Collect$$libshutdown$$00000000) refers (Special) to libshutdown2.o(.ARM.Collect$$libshutdown$$0000000F) for __rt_lib_shutdown_heap_1
    libshutdown.o(.ARM.Collect$$libshutdown$$00000000) refers (Special) to libshutdown2.o(.ARM.Collect$$libshutdown$$00000010) for __rt_lib_shutdown_return
    libshutdown.o(.ARM.Collect$$libshutdown$$00000000) refers (Special) to libshutdown2.o(.ARM.Collect$$libshutdown$$0000000A) for __rt_lib_shutdown_signal_1
    libshutdown.o(.ARM.Collect$$libshutdown$$00000000) refers (Special) to libshutdown2.o(.ARM.Collect$$libshutdown$$00000004) for __rt_lib_shutdown_stdio_1
    libshutdown.o(.ARM.Collect$$libshutdown$$00000000) refers (Special) to libshutdown2.o(.ARM.Collect$$libshutdown$$0000000C) for __rt_lib_shutdown_user_alloc_1
    sys_command.o(.text) refers (Special) to use_no_semi.o(.text) for __I$use$semihosting
    sys_command.o(.text) refers (Special) to indicate_semi.o(.text) for __semihosting_library_function
    defsig_rtmem_outer.o(.text) refers to defsig_rtmem_inner.o(.text) for __rt_SIGRTMEM_inner
    defsig_rtmem_outer.o(.text) refers to defsig_exit.o(.text) for __sig_exit
    defsig_rtmem_formal.o(.text) refers to rt_raise.o(.text) for __rt_raise
    rt_raise.o(.text) refers to __raise.o(.text) for __raise
    rt_raise.o(.text) refers to usart.o(.text) for _sys_exit
    defsig_exit.o(.text) refers to usart.o(.text) for _sys_exit
    defsig_rtmem_inner.o(.text) refers to defsig_general.o(.text) for __default_signal_display
    __raise.o(.text) refers to defsig.o(CL$$defsig) for __default_signal_handler
    defsig_general.o(.text) refers to sys_wrch.o(.text) for _ttywrch
    sys_wrch.o(.text) refers (Special) to use_no_semi.o(.text) for __I$use$semihosting
    sys_wrch.o(.text) refers (Special) to indicate_semi.o(.text) for __semihosting_library_function
    defsig.o(CL$$defsig) refers to defsig_rtmem_inner.o(.text) for __rt_SIGRTMEM_inner
    defsig_abrt_inner.o(.text) refers to defsig_general.o(.text) for __default_signal_display
    defsig_fpe_inner.o(.text) refers to defsig_general.o(.text) for __default_signal_display
    defsig_rtred_inner.o(.text) refers to defsig_general.o(.text) for __default_signal_display
    defsig_stak_inner.o(.text) refers to defsig_general.o(.text) for __default_signal_display
    defsig_pvfn_inner.o(.text) refers to defsig_general.o(.text) for __default_signal_display
    defsig_cppl_inner.o(.text) refers to defsig_general.o(.text) for __default_signal_display
    defsig_segv_inner.o(.text) refers to defsig_general.o(.text) for __default_signal_display
    defsig_other.o(.text) refers to defsig_general.o(.text) for __default_signal_display


==============================================================================

Removing Unused input sections from the image.

    Removing usart.o(.data), (4 bytes).
    Removing adc.o(.text), (812 bytes).

2 unused section(s) (total 816 bytes) removed from the image.

==============================================================================

Image Symbol Table

    Local Symbols

    Symbol Name                              Value     Ov Type        Size  Object(Section)

    ../clib/angel/boardlib.s                 0x00000000   Number         0  boardinit3.o ABSOLUTE
    ../clib/angel/boardlib.s                 0x00000000   Number         0  boardinit2.o ABSOLUTE
    ../clib/angel/boardlib.s                 0x00000000   Number         0  boardinit1.o ABSOLUTE
    ../clib/angel/boardlib.s                 0x00000000   Number         0  boardshut.o ABSOLUTE
    ../clib/angel/handlers.s                 0x00000000   Number         0  __scatter_zi.o ABSOLUTE
    ../clib/angel/handlers.s                 0x00000000   Number         0  __scatter_copy.o ABSOLUTE
    ../clib/angel/kernel.s                   0x00000000   Number         0  rtexit.o ABSOLUTE
    ../clib/angel/kernel.s                   0x00000000   Number         0  __rtentry.o ABSOLUTE
    ../clib/angel/kernel.s                   0x00000000   Number         0  rtexit2.o ABSOLUTE
    ../clib/angel/kernel.s                   0x00000000   Number         0  __rtentry2.o ABSOLUTE
    ../clib/angel/kernel.s                   0x00000000   Number         0  __rtentry4.o ABSOLUTE
    ../clib/angel/rt.s                       0x00000000   Number         0  rt_raise.o ABSOLUTE
    ../clib/angel/scatter.s                  0x00000000   Number         0  __scatter.o ABSOLUTE
    ../clib/angel/startup.s                  0x00000000   Number         0  __main.o ABSOLUTE
    ../clib/angel/sys.s                      0x00000000   Number         0  libspace.o ABSOLUTE
    ../clib/angel/sys.s                      0x00000000   Number         0  indicate_semi.o ABSOLUTE
    ../clib/angel/sys.s                      0x00000000   Number         0  use_no_semi.o ABSOLUTE
    ../clib/angel/sys.s                      0x00000000   Number         0  use_no_semi_2.o ABSOLUTE
    ../clib/angel/sys.s                      0x00000000   Number         0  sys_stackheap_outer.o ABSOLUTE
    ../clib/angel/sysapp.c                   0x00000000   Number         0  sys_wrch.o ABSOLUTE
    ../clib/angel/sysapp.c                   0x00000000   Number         0  sys_command.o ABSOLUTE
    ../clib/armsys.c                         0x00000000   Number         0  argv_veneer.o ABSOLUTE
    ../clib/armsys.c                         0x00000000   Number         0  _get_argv_nomalloc.o ABSOLUTE
    ../clib/armsys.c                         0x00000000   Number         0  no_argv.o ABSOLUTE
    ../clib/armsys.c                         0x00000000   Number         0  argv_veneer.o ABSOLUTE
    ../clib/heapalloc.c                      0x00000000   Number         0  hrguard.o ABSOLUTE
    ../clib/heapaux.c                        0x00000000   Number         0  heapauxi.o ABSOLUTE
    ../clib/libinit.s                        0x00000000   Number         0  libshutdown2.o ABSOLUTE
    ../clib/libinit.s                        0x00000000   Number         0  libinit2.o ABSOLUTE
    ../clib/libinit.s                        0x00000000   Number         0  libinit.o ABSOLUTE
    ../clib/libinit.s                        0x00000000   Number         0  libshutdown.o ABSOLUTE
    ../clib/memcpset.s                       0x00000000   Number         0  rt_memclr_w.o ABSOLUTE
    ../clib/memcpset.s                       0x00000000   Number         0  rt_memclr.o ABSOLUTE
    ../clib/signal.c                         0x00000000   Number         0  defsig_general.o ABSOLUTE
    ../clib/signal.c                         0x00000000   Number         0  __raise.o ABSOLUTE
    ../clib/signal.c                         0x00000000   Number         0  defsig_rtmem_inner.o ABSOLUTE
    ../clib/signal.c                         0x00000000   Number         0  defsig_fpe_inner.o ABSOLUTE
    ../clib/signal.c                         0x00000000   Number         0  defsig_exit.o ABSOLUTE
    ../clib/signal.c                         0x00000000   Number         0  defsig_pvfn_inner.o ABSOLUTE
    ../clib/signal.c                         0x00000000   Number         0  defsig_other.o ABSOLUTE
    ../clib/signal.c                         0x00000000   Number         0  defsig_segv_inner.o ABSOLUTE
    ../clib/signal.c                         0x00000000   Number         0  defsig_cppl_inner.o ABSOLUTE
    ../clib/signal.c                         0x00000000   Number         0  defsig_stak_inner.o ABSOLUTE
    ../clib/signal.c                         0x00000000   Number         0  defsig_rtred_inner.o ABSOLUTE
    ../clib/signal.c                         0x00000000   Number         0  defsig_abrt_inner.o ABSOLUTE
    ../clib/signal.c                         0x00000000   Number         0  defsig_rtmem_formal.o ABSOLUTE
    ../clib/signal.c                         0x00000000   Number         0  defsig_rtmem_outer.o ABSOLUTE
    ../clib/signal.s                         0x00000000   Number         0  defsig.o ABSOLUTE
    ../clib/stdlib.c                         0x00000000   Number         0  exit.o ABSOLUTE
    ../fplib/d2f.s                           0x00000000   Number         0  d2f.o ABSOLUTE
    ../fplib/daddsub.s                       0x00000000   Number         0  daddsub_clz.o ABSOLUTE
    ../fplib/ddiv.s                          0x00000000   Number         0  ddiv.o ABSOLUTE
    ../fplib/dfix.s                          0x00000000   Number         0  dfix.o ABSOLUTE
    ../fplib/dflt.s                          0x00000000   Number         0  dflt_clz.o ABSOLUTE
    ../fplib/dmul.s                          0x00000000   Number         0  dmul.o ABSOLUTE
    ../fplib/dnaninf.s                       0x00000000   Number         0  dnaninf.o ABSOLUTE
    ../fplib/dretinf.s                       0x00000000   Number         0  dretinf.o ABSOLUTE
    ../fplib/f2d.s                           0x00000000   Number         0  f2d.o ABSOLUTE
    ../fplib/faddsub.s                       0x00000000   Number         0  faddsub_clz.o ABSOLUTE
    ../fplib/fcmpi.s                         0x00000000   Number         0  fcmpi.o ABSOLUTE
    ../fplib/fdiv.s                          0x00000000   Number         0  fdiv.o ABSOLUTE
    ../fplib/feqf.s                          0x00000000   Number         0  feqf.o ABSOLUTE
    ../fplib/ffix.s                          0x00000000   Number         0  ffix.o ABSOLUTE
    ../fplib/ffixu.s                         0x00000000   Number         0  ffixu.o ABSOLUTE
    ../fplib/fflt.s                          0x00000000   Number         0  fflt_clz.o ABSOLUTE
    ../fplib/fleqf.s                         0x00000000   Number         0  fleqf.o ABSOLUTE
    ../fplib/fmul.s                          0x00000000   Number         0  fmul.o ABSOLUTE
    ../fplib/fnaninf.s                       0x00000000   Number         0  fnaninf.o ABSOLUTE
    ../fplib/fpinit.s                        0x00000000   Number         0  fpinit.o ABSOLUTE
    ../fplib/fretinf.s                       0x00000000   Number         0  fretinf.o ABSOLUTE
    ../fplib/usenofp.s                       0x00000000   Number         0  usenofp.o ABSOLUTE
    ..\BALANCE\CONTROL\control.c             0x00000000   Number         0  control.o ABSOLUTE
    ..\BALANCE\show\show.c                   0x00000000   Number         0  show.o ABSOLUTE
    ..\HARDWARE\ADC\adc.c                    0x00000000   Number         0  adc.o ABSOLUTE
    ..\HARDWARE\Data_Protocol\Data_Protocol.C 0x00000000   Number         0  data_protocol.o ABSOLUTE
    ..\HARDWARE\ENCODER\encoder.c            0x00000000   Number         0  encoder.o ABSOLUTE
    ..\HARDWARE\EXTI\exti.c                  0x00000000   Number         0  exti.o ABSOLUTE
    ..\HARDWARE\KEY\key.c                    0x00000000   Number         0  key.o ABSOLUTE
    ..\HARDWARE\LED\LED.C                    0x00000000   Number         0  led.o ABSOLUTE
    ..\HARDWARE\MOTOR\motor.c                0x00000000   Number         0  motor.o ABSOLUTE
    ..\HARDWARE\OLED\oled.c                  0x00000000   Number         0  oled.o ABSOLUTE
    ..\HARDWARE\TIMER\timer.c                0x00000000   Number         0  timer.o ABSOLUTE
    ..\SYSTEM\delay\delay.c                  0x00000000   Number         0  delay.o ABSOLUTE
    ..\SYSTEM\sys\sys.c                      0x00000000   Number         0  sys.o ABSOLUTE
    ..\SYSTEM\usart\usart.c                  0x00000000   Number         0  usart.o ABSOLUTE
    ..\\SYSTEM\\sys\\sys.c                   0x00000000   Number         0  sys.o ABSOLUTE
    MainProgram.c                            0x00000000   Number         0  mainprogram.o ABSOLUTE
    dc.s                                     0x00000000   Number         0  dc.o ABSOLUTE
    startup_stm32f10x_md.s                   0x00000000   Number         0  startup_stm32f10x_md.o ABSOLUTE
    RESET                                    0x08000000   Section      236  startup_stm32f10x_md.o(RESET)
    !!!main                                  0x080000ec   Section        8  __main.o(!!!main)
    !!!scatter                               0x080000f4   Section       52  __scatter.o(!!!scatter)
    !!handler_copy                           0x08000128   Section       26  __scatter_copy.o(!!handler_copy)
    !!handler_zi                             0x08000144   Section       28  __scatter_zi.o(!!handler_zi)
    .ARM.Collect$$libinit$$00000000          0x08000160   Section        2  libinit.o(.ARM.Collect$$libinit$$00000000)
    .ARM.Collect$$libinit$$00000002          0x08000162   Section        0  libinit2.o(.ARM.Collect$$libinit$$00000002)
    .ARM.Collect$$libinit$$00000004          0x08000162   Section        0  libinit2.o(.ARM.Collect$$libinit$$00000004)
    .ARM.Collect$$libinit$$0000000A          0x08000162   Section        0  libinit2.o(.ARM.Collect$$libinit$$0000000A)
    .ARM.Collect$$libinit$$0000000C          0x08000162   Section        0  libinit2.o(.ARM.Collect$$libinit$$0000000C)
    .ARM.Collect$$libinit$$0000000E          0x08000162   Section        0  libinit2.o(.ARM.Collect$$libinit$$0000000E)
    .ARM.Collect$$libinit$$00000011          0x08000162   Section        0  libinit2.o(.ARM.Collect$$libinit$$00000011)
    .ARM.Collect$$libinit$$00000013          0x08000162   Section        0  libinit2.o(.ARM.Collect$$libinit$$00000013)
    .ARM.Collect$$libinit$$00000015          0x08000162   Section        0  libinit2.o(.ARM.Collect$$libinit$$00000015)
    .ARM.Collect$$libinit$$00000017          0x08000162   Section        0  libinit2.o(.ARM.Collect$$libinit$$00000017)
    .ARM.Collect$$libinit$$00000019          0x08000162   Section        0  libinit2.o(.ARM.Collect$$libinit$$00000019)
    .ARM.Collect$$libinit$$0000001B          0x08000162   Section        0  libinit2.o(.ARM.Collect$$libinit$$0000001B)
    .ARM.Collect$$libinit$$0000001D          0x08000162   Section        0  libinit2.o(.ARM.Collect$$libinit$$0000001D)
    .ARM.Collect$$libinit$$0000001F          0x08000162   Section        0  libinit2.o(.ARM.Collect$$libinit$$0000001F)
    .ARM.Collect$$libinit$$00000021          0x08000162   Section        0  libinit2.o(.ARM.Collect$$libinit$$00000021)
    .ARM.Collect$$libinit$$00000023          0x08000162   Section        0  libinit2.o(.ARM.Collect$$libinit$$00000023)
    .ARM.Collect$$libinit$$00000025          0x08000162   Section        0  libinit2.o(.ARM.Collect$$libinit$$00000025)
    .ARM.Collect$$libinit$$0000002C          0x08000162   Section        0  libinit2.o(.ARM.Collect$$libinit$$0000002C)
    .ARM.Collect$$libinit$$0000002E          0x08000162   Section        0  libinit2.o(.ARM.Collect$$libinit$$0000002E)
    .ARM.Collect$$libinit$$00000030          0x08000162   Section        0  libinit2.o(.ARM.Collect$$libinit$$00000030)
    .ARM.Collect$$libinit$$00000032          0x08000162   Section        0  libinit2.o(.ARM.Collect$$libinit$$00000032)
    .ARM.Collect$$libinit$$00000033          0x08000162   Section        2  libinit2.o(.ARM.Collect$$libinit$$00000033)
    .ARM.Collect$$libshutdown$$00000000      0x08000164   Section        2  libshutdown.o(.ARM.Collect$$libshutdown$$00000000)
    .ARM.Collect$$libshutdown$$00000002      0x08000166   Section        0  libshutdown2.o(.ARM.Collect$$libshutdown$$00000002)
    .ARM.Collect$$libshutdown$$00000004      0x08000166   Section        0  libshutdown2.o(.ARM.Collect$$libshutdown$$00000004)
    .ARM.Collect$$libshutdown$$00000007      0x08000166   Section        0  libshutdown2.o(.ARM.Collect$$libshutdown$$00000007)
    .ARM.Collect$$libshutdown$$0000000A      0x08000166   Section        0  libshutdown2.o(.ARM.Collect$$libshutdown$$0000000A)
    .ARM.Collect$$libshutdown$$0000000C      0x08000166   Section        0  libshutdown2.o(.ARM.Collect$$libshutdown$$0000000C)
    .ARM.Collect$$libshutdown$$0000000F      0x08000166   Section        0  libshutdown2.o(.ARM.Collect$$libshutdown$$0000000F)
    .ARM.Collect$$libshutdown$$00000010      0x08000166   Section        2  libshutdown2.o(.ARM.Collect$$libshutdown$$00000010)
    .ARM.Collect$$rtentry$$00000000          0x08000168   Section        0  __rtentry.o(.ARM.Collect$$rtentry$$00000000)
    .ARM.Collect$$rtentry$$00000002          0x08000168   Section        0  __rtentry2.o(.ARM.Collect$$rtentry$$00000002)
    .ARM.Collect$$rtentry$$00000004          0x08000168   Section        6  __rtentry4.o(.ARM.Collect$$rtentry$$00000004)
    .ARM.Collect$$rtentry$$00000009          0x0800016e   Section        0  __rtentry2.o(.ARM.Collect$$rtentry$$00000009)
    .ARM.Collect$$rtentry$$0000000A          0x0800016e   Section        4  __rtentry2.o(.ARM.Collect$$rtentry$$0000000A)
    .ARM.Collect$$rtentry$$0000000C          0x08000172   Section        0  __rtentry2.o(.ARM.Collect$$rtentry$$0000000C)
    .ARM.Collect$$rtentry$$0000000D          0x08000172   Section        8  __rtentry2.o(.ARM.Collect$$rtentry$$0000000D)
    .ARM.Collect$$rtexit$$00000000           0x0800017a   Section        2  rtexit.o(.ARM.Collect$$rtexit$$00000000)
    .ARM.Collect$$rtexit$$00000002           0x0800017c   Section        0  rtexit2.o(.ARM.Collect$$rtexit$$00000002)
    .ARM.Collect$$rtexit$$00000003           0x0800017c   Section        4  rtexit2.o(.ARM.Collect$$rtexit$$00000003)
    .ARM.Collect$$rtexit$$00000004           0x08000180   Section        6  rtexit2.o(.ARM.Collect$$rtexit$$00000004)
    .emb_text                                0x08000188   Section       12  sys.o(.emb_text)
    .text                                    0x08000194   Section       56  startup_stm32f10x_md.o(.text)
    .text                                    0x080001cc   Section        0  mainprogram.o(.text)
    .text                                    0x0800023c   Section        0  delay.o(.text)
    .text                                    0x080002ec   Section        0  sys.o(.text)
    .text                                    0x080005a8   Section        0  usart.o(.text)
    .text                                    0x080006c4   Section        0  led.o(.text)
    .text                                    0x08000738   Section        0  key.o(.text)
    .text                                    0x08000984   Section        0  oled.o(.text)
    .text                                    0x08000dc8   Section        0  timer.o(.text)
    .text                                    0x08000e24   Section        0  motor.o(.text)
    .text                                    0x08000ef4   Section        0  encoder.o(.text)
    .text                                    0x0800111c   Section        0  exti.o(.text)
    .text                                    0x0800127c   Section        0  control.o(.text)
    .text                                    0x080015f8   Section        0  show.o(.text)
    .text                                    0x08001b78   Section        0  data_protocol.o(.text)
    .text                                    0x08001d54   Section        2  use_no_semi_2.o(.text)
    .text                                    0x08001d56   Section       68  rt_memclr.o(.text)
    .text                                    0x08001d9a   Section        0  heapauxi.o(.text)
    .text                                    0x08001da0   Section        2  use_no_semi.o(.text)
    .text                                    0x08001da2   Section       78  rt_memclr_w.o(.text)
    .text                                    0x08001df0   Section       74  sys_stackheap_outer.o(.text)
    .text                                    0x08001e3a   Section        0  exit.o(.text)
    .text                                    0x08001e4c   Section        8  libspace.o(.text)
    x$fpl$d2f                                0x08001e54   Section       98  d2f.o(x$fpl$d2f)
    x$fpl$dadd                               0x08001eb8   Section      336  daddsub_clz.o(x$fpl$dadd)
    _dadd1                                   0x08001ec9   Thumb Code     0  daddsub_clz.o(x$fpl$dadd)
    x$fpl$dmul                               0x08002008   Section      340  dmul.o(x$fpl$dmul)
    x$fpl$dnaninf                            0x0800215c   Section      156  dnaninf.o(x$fpl$dnaninf)
    x$fpl$dretinf                            0x080021f8   Section       12  dretinf.o(x$fpl$dretinf)
    x$fpl$dsub                               0x08002204   Section      468  daddsub_clz.o(x$fpl$dsub)
    _dsub1                                   0x08002215   Thumb Code     0  daddsub_clz.o(x$fpl$dsub)
    x$fpl$f2d                                0x080023d8   Section       86  f2d.o(x$fpl$f2d)
    x$fpl$fadd                               0x08002430   Section      196  faddsub_clz.o(x$fpl$fadd)
    _fadd1                                   0x0800243f   Thumb Code     0  faddsub_clz.o(x$fpl$fadd)
    x$fpl$fcmpinf                            0x080024f4   Section       24  fcmpi.o(x$fpl$fcmpinf)
    x$fpl$fdiv                               0x0800250c   Section      388  fdiv.o(x$fpl$fdiv)
    _fdiv1                                   0x0800250d   Thumb Code     0  fdiv.o(x$fpl$fdiv)
    x$fpl$feqf                               0x08002690   Section      104  feqf.o(x$fpl$feqf)
    x$fpl$ffix                               0x080026f8   Section       54  ffix.o(x$fpl$ffix)
    x$fpl$ffixu                              0x08002730   Section       62  ffixu.o(x$fpl$ffixu)
    x$fpl$fflt                               0x08002770   Section       48  fflt_clz.o(x$fpl$fflt)
    x$fpl$ffltu                              0x080027a0   Section       38  fflt_clz.o(x$fpl$ffltu)
    x$fpl$fleqf                              0x080027c8   Section      104  fleqf.o(x$fpl$fleqf)
    x$fpl$fmul                               0x08002830   Section      258  fmul.o(x$fpl$fmul)
    x$fpl$fnaninf                            0x08002932   Section      140  fnaninf.o(x$fpl$fnaninf)
    x$fpl$fretinf                            0x080029be   Section       10  fretinf.o(x$fpl$fretinf)
    x$fpl$frsb                               0x080029c8   Section       20  faddsub_clz.o(x$fpl$frsb)
    x$fpl$fsub                               0x080029dc   Section      234  faddsub_clz.o(x$fpl$fsub)
    _fsub1                                   0x080029eb   Thumb Code     0  faddsub_clz.o(x$fpl$fsub)
    .constdata                               0x08002ac6   Section     2660  oled.o(.constdata)
    x$fpl$usenofp                            0x08002ac6   Section        0  usenofp.o(x$fpl$usenofp)
    .data                                    0x20000000   Section       68  mainprogram.o(.data)
    .data                                    0x20000044   Section        4  delay.o(.data)
    fac_us                                   0x20000044   Data           1  delay.o(.data)
    fac_ms                                   0x20000046   Data           2  delay.o(.data)
    .data                                    0x20000048   Section        4  led.o(.data)
    temp                                     0x20000048   Data           4  led.o(.data)
    .data                                    0x2000004c   Section       14  key.o(.data)
    flag_key                                 0x2000004c   Data           1  key.o(.data)
    count_key                                0x2000004d   Data           1  key.o(.data)
    double_key                               0x2000004e   Data           1  key.o(.data)
    count_single                             0x20000050   Data           2  key.o(.data)
    Forever_count                            0x20000052   Data           2  key.o(.data)
    flag_key                                 0x20000054   Data           1  key.o(.data)
    Long_Press_count                         0x20000056   Data           2  key.o(.data)
    Long_Press                               0x20000058   Data           2  key.o(.data)
    .data                                    0x2000005c   Section       65  control.o(.data)
    Last_Bias                                0x20000068   Data           4  control.o(.data)
    D_Bias                                   0x2000006c   Data           4  control.o(.data)
    Position_PWM                             0x20000070   Data           4  control.o(.data)
    Last_Position                            0x20000074   Data           4  control.o(.data)
    Position_Bias                            0x20000078   Data           4  control.o(.data)
    Position_Differential                    0x2000007c   Data           4  control.o(.data)
    Position_Least                           0x20000080   Data           4  control.o(.data)
    tmp                                      0x20000084   Data           4  control.o(.data)
    flag                                     0x20000088   Data           4  control.o(.data)
    count                                    0x2000008c   Data           4  control.o(.data)
    tmp                                      0x20000090   Data           4  control.o(.data)
    flag                                     0x20000094   Data           4  control.o(.data)
    count                                    0x20000098   Data           4  control.o(.data)
    count                                    0x2000009c   Data           1  control.o(.data)
    .data                                    0x200000a0   Section       12  show.o(.data)
    uart_receive                             0x200000a8   Data           4  show.o(.data)
    .data                                    0x200000ac   Section        8  data_protocol.o(.data)
    head_idx                                 0x200000b0   Data           4  data_protocol.o(.data)
    .bss                                     0x200000b4   Section     1024  oled.o(.bss)
    .bss                                     0x200004b4   Section      142  data_protocol.o(.bss)
    .bss                                     0x20000544   Section       96  libspace.o(.bss)
    HEAP                                     0x200005a8   Section      512  startup_stm32f10x_md.o(HEAP)
    Heap_Mem                                 0x200005a8   Data         512  startup_stm32f10x_md.o(HEAP)
    STACK                                    0x200007a8   Section     1024  startup_stm32f10x_md.o(STACK)
    Stack_Mem                                0x200007a8   Data        1024  startup_stm32f10x_md.o(STACK)
    __initial_sp                             0x20000ba8   Data           0  startup_stm32f10x_md.o(STACK)

    Global Symbols

    Symbol Name                              Value     Ov Type        Size  Object(Section)

    BuildAttributes$$THM_ISAv4$P$D$K$B$S$PE$A:L22UL41UL21$X:L11$S22US41US21$IEEE1$IW$USESV6$~STKCKD$USESV7$~SHL$OSPACE$ROPI$EBA8$UX$STANDARDLIB$REQ8$PRES8$EABIv2 0x00000000   Number         0  anon$$obj.o ABSOLUTE
    __ARM_use_no_argv                        0x00000000   Number         0  mainprogram.o ABSOLUTE
    __ARM_exceptions_init                     - Undefined Weak Reference
    __alloca_initialize                       - Undefined Weak Reference
    __arm_preinit_                            - Undefined Weak Reference
    __cpp_initialize__aeabi_                  - Undefined Weak Reference
    __cxa_finalize                            - Undefined Weak Reference
    __rt_locale                               - Undefined Weak Reference
    __sigvec_lookup                           - Undefined Weak Reference
    _atexit_init                              - Undefined Weak Reference
    _call_atexit_fns                          - Undefined Weak Reference
    _clock_init                               - Undefined Weak Reference
    _fp_trap_init                             - Undefined Weak Reference
    _fp_trap_shutdown                         - Undefined Weak Reference
    _get_lc_collate                           - Undefined Weak Reference
    _get_lc_ctype                             - Undefined Weak Reference
    _get_lc_monetary                          - Undefined Weak Reference
    _get_lc_numeric                           - Undefined Weak Reference
    _get_lc_time                              - Undefined Weak Reference
    _getenv_init                              - Undefined Weak Reference
    _handle_redirection                       - Undefined Weak Reference
    _init_alloc                               - Undefined Weak Reference
    _init_user_alloc                          - Undefined Weak Reference
    _initio                                   - Undefined Weak Reference
    _rand_init                                - Undefined Weak Reference
    _signal_finish                            - Undefined Weak Reference
    _signal_init                              - Undefined Weak Reference
    _terminate_alloc                          - Undefined Weak Reference
    _terminate_user_alloc                     - Undefined Weak Reference
    _terminateio                              - Undefined Weak Reference
    __Vectors_Size                           0x000000ec   Number         0  startup_stm32f10x_md.o ABSOLUTE
    __Vectors                                0x08000000   Data           4  startup_stm32f10x_md.o(RESET)
    __Vectors_End                            0x080000ec   Data           0  startup_stm32f10x_md.o(RESET)
    __main                                   0x080000ed   Thumb Code     8  __main.o(!!!main)
    __scatterload                            0x080000f5   Thumb Code     0  __scatter.o(!!!scatter)
    __scatterload_rt2                        0x080000f5   Thumb Code    44  __scatter.o(!!!scatter)
    __scatterload_rt2_thumb_only             0x080000f5   Thumb Code     0  __scatter.o(!!!scatter)
    __scatterload_null                       0x08000103   Thumb Code     0  __scatter.o(!!!scatter)
    __scatterload_copy                       0x08000129   Thumb Code    26  __scatter_copy.o(!!handler_copy)
    __scatterload_zeroinit                   0x08000145   Thumb Code    28  __scatter_zi.o(!!handler_zi)
    __rt_lib_init                            0x08000161   Thumb Code     0  libinit.o(.ARM.Collect$$libinit$$00000000)
    __rt_lib_init_alloca_1                   0x08000163   Thumb Code     0  libinit2.o(.ARM.Collect$$libinit$$0000002E)
    __rt_lib_init_argv_1                     0x08000163   Thumb Code     0  libinit2.o(.ARM.Collect$$libinit$$0000002C)
    __rt_lib_init_atexit_1                   0x08000163   Thumb Code     0  libinit2.o(.ARM.Collect$$libinit$$0000001B)
    __rt_lib_init_clock_1                    0x08000163   Thumb Code     0  libinit2.o(.ARM.Collect$$libinit$$00000021)
    __rt_lib_init_cpp_1                      0x08000163   Thumb Code     0  libinit2.o(.ARM.Collect$$libinit$$00000032)
    __rt_lib_init_exceptions_1               0x08000163   Thumb Code     0  libinit2.o(.ARM.Collect$$libinit$$00000030)
    __rt_lib_init_fp_1                       0x08000163   Thumb Code     0  libinit2.o(.ARM.Collect$$libinit$$00000002)
    __rt_lib_init_fp_trap_1                  0x08000163   Thumb Code     0  libinit2.o(.ARM.Collect$$libinit$$0000001F)
    __rt_lib_init_getenv_1                   0x08000163   Thumb Code     0  libinit2.o(.ARM.Collect$$libinit$$00000023)
    __rt_lib_init_heap_1                     0x08000163   Thumb Code     0  libinit2.o(.ARM.Collect$$libinit$$0000000A)
    __rt_lib_init_lc_collate_1               0x08000163   Thumb Code     0  libinit2.o(.ARM.Collect$$libinit$$00000011)
    __rt_lib_init_lc_ctype_1                 0x08000163   Thumb Code     0  libinit2.o(.ARM.Collect$$libinit$$00000013)
    __rt_lib_init_lc_monetary_1              0x08000163   Thumb Code     0  libinit2.o(.ARM.Collect$$libinit$$00000015)
    __rt_lib_init_lc_numeric_1               0x08000163   Thumb Code     0  libinit2.o(.ARM.Collect$$libinit$$00000017)
    __rt_lib_init_lc_time_1                  0x08000163   Thumb Code     0  libinit2.o(.ARM.Collect$$libinit$$00000019)
    __rt_lib_init_preinit_1                  0x08000163   Thumb Code     0  libinit2.o(.ARM.Collect$$libinit$$00000004)
    __rt_lib_init_rand_1                     0x08000163   Thumb Code     0  libinit2.o(.ARM.Collect$$libinit$$0000000E)
    __rt_lib_init_return                     0x08000163   Thumb Code     0  libinit2.o(.ARM.Collect$$libinit$$00000033)
    __rt_lib_init_signal_1                   0x08000163   Thumb Code     0  libinit2.o(.ARM.Collect$$libinit$$0000001D)
    __rt_lib_init_stdio_1                    0x08000163   Thumb Code     0  libinit2.o(.ARM.Collect$$libinit$$00000025)
    __rt_lib_init_user_alloc_1               0x08000163   Thumb Code     0  libinit2.o(.ARM.Collect$$libinit$$0000000C)
    __rt_lib_shutdown                        0x08000165   Thumb Code     0  libshutdown.o(.ARM.Collect$$libshutdown$$00000000)
    __rt_lib_shutdown_cpp_1                  0x08000167   Thumb Code     0  libshutdown2.o(.ARM.Collect$$libshutdown$$00000002)
    __rt_lib_shutdown_fp_trap_1              0x08000167   Thumb Code     0  libshutdown2.o(.ARM.Collect$$libshutdown$$00000007)
    __rt_lib_shutdown_heap_1                 0x08000167   Thumb Code     0  libshutdown2.o(.ARM.Collect$$libshutdown$$0000000F)
    __rt_lib_shutdown_return                 0x08000167   Thumb Code     0  libshutdown2.o(.ARM.Collect$$libshutdown$$00000010)
    __rt_lib_shutdown_signal_1               0x08000167   Thumb Code     0  libshutdown2.o(.ARM.Collect$$libshutdown$$0000000A)
    __rt_lib_shutdown_stdio_1                0x08000167   Thumb Code     0  libshutdown2.o(.ARM.Collect$$libshutdown$$00000004)
    __rt_lib_shutdown_user_alloc_1           0x08000167   Thumb Code     0  libshutdown2.o(.ARM.Collect$$libshutdown$$0000000C)
    __rt_entry                               0x08000169   Thumb Code     0  __rtentry.o(.ARM.Collect$$rtentry$$00000000)
    __rt_entry_presh_1                       0x08000169   Thumb Code     0  __rtentry2.o(.ARM.Collect$$rtentry$$00000002)
    __rt_entry_sh                            0x08000169   Thumb Code     0  __rtentry4.o(.ARM.Collect$$rtentry$$00000004)
    __rt_entry_li                            0x0800016f   Thumb Code     0  __rtentry2.o(.ARM.Collect$$rtentry$$0000000A)
    __rt_entry_postsh_1                      0x0800016f   Thumb Code     0  __rtentry2.o(.ARM.Collect$$rtentry$$00000009)
    __rt_entry_main                          0x08000173   Thumb Code     0  __rtentry2.o(.ARM.Collect$$rtentry$$0000000D)
    __rt_entry_postli_1                      0x08000173   Thumb Code     0  __rtentry2.o(.ARM.Collect$$rtentry$$0000000C)
    __rt_exit                                0x0800017b   Thumb Code     0  rtexit.o(.ARM.Collect$$rtexit$$00000000)
    __rt_exit_ls                             0x0800017d   Thumb Code     0  rtexit2.o(.ARM.Collect$$rtexit$$00000003)
    __rt_exit_prels_1                        0x0800017d   Thumb Code     0  rtexit2.o(.ARM.Collect$$rtexit$$00000002)
    __rt_exit_exit                           0x08000181   Thumb Code     0  rtexit2.o(.ARM.Collect$$rtexit$$00000004)
    WFI_SET                                  0x08000189   Thumb Code     2  sys.o(.emb_text)
    INTX_DISABLE                             0x0800018b   Thumb Code     2  sys.o(.emb_text)
    INTX_ENABLE                              0x0800018d   Thumb Code     2  sys.o(.emb_text)
    MSR_MSP                                  0x0800018f   Thumb Code     6  sys.o(.emb_text)
    Reset_Handler                            0x08000195   Thumb Code     4  startup_stm32f10x_md.o(.text)
    NMI_Handler                              0x08000199   Thumb Code     2  startup_stm32f10x_md.o(.text)
    HardFault_Handler                        0x0800019b   Thumb Code     2  startup_stm32f10x_md.o(.text)
    MemManage_Handler                        0x0800019d   Thumb Code     2  startup_stm32f10x_md.o(.text)
    BusFault_Handler                         0x0800019f   Thumb Code     2  startup_stm32f10x_md.o(.text)
    UsageFault_Handler                       0x080001a1   Thumb Code     2  startup_stm32f10x_md.o(.text)
    SVC_Handler                              0x080001a3   Thumb Code     2  startup_stm32f10x_md.o(.text)
    DebugMon_Handler                         0x080001a5   Thumb Code     2  startup_stm32f10x_md.o(.text)
    PendSV_Handler                           0x080001a7   Thumb Code     2  startup_stm32f10x_md.o(.text)
    SysTick_Handler                          0x080001a9   Thumb Code     2  startup_stm32f10x_md.o(.text)
    ADC1_2_IRQHandler                        0x080001ab   Thumb Code     0  startup_stm32f10x_md.o(.text)
    CAN1_RX1_IRQHandler                      0x080001ab   Thumb Code     0  startup_stm32f10x_md.o(.text)
    CAN1_SCE_IRQHandler                      0x080001ab   Thumb Code     0  startup_stm32f10x_md.o(.text)
    DMA1_Channel1_IRQHandler                 0x080001ab   Thumb Code     0  startup_stm32f10x_md.o(.text)
    DMA1_Channel2_IRQHandler                 0x080001ab   Thumb Code     0  startup_stm32f10x_md.o(.text)
    DMA1_Channel3_IRQHandler                 0x080001ab   Thumb Code     0  startup_stm32f10x_md.o(.text)
    DMA1_Channel4_IRQHandler                 0x080001ab   Thumb Code     0  startup_stm32f10x_md.o(.text)
    DMA1_Channel5_IRQHandler                 0x080001ab   Thumb Code     0  startup_stm32f10x_md.o(.text)
    DMA1_Channel6_IRQHandler                 0x080001ab   Thumb Code     0  startup_stm32f10x_md.o(.text)
    DMA1_Channel7_IRQHandler                 0x080001ab   Thumb Code     0  startup_stm32f10x_md.o(.text)
    EXTI0_IRQHandler                         0x080001ab   Thumb Code     0  startup_stm32f10x_md.o(.text)
    EXTI1_IRQHandler                         0x080001ab   Thumb Code     0  startup_stm32f10x_md.o(.text)
    EXTI2_IRQHandler                         0x080001ab   Thumb Code     0  startup_stm32f10x_md.o(.text)
    EXTI3_IRQHandler                         0x080001ab   Thumb Code     0  startup_stm32f10x_md.o(.text)
    EXTI4_IRQHandler                         0x080001ab   Thumb Code     0  startup_stm32f10x_md.o(.text)
    FLASH_IRQHandler                         0x080001ab   Thumb Code     0  startup_stm32f10x_md.o(.text)
    I2C1_ER_IRQHandler                       0x080001ab   Thumb Code     0  startup_stm32f10x_md.o(.text)
    I2C1_EV_IRQHandler                       0x080001ab   Thumb Code     0  startup_stm32f10x_md.o(.text)
    I2C2_ER_IRQHandler                       0x080001ab   Thumb Code     0  startup_stm32f10x_md.o(.text)
    I2C2_EV_IRQHandler                       0x080001ab   Thumb Code     0  startup_stm32f10x_md.o(.text)
    PVD_IRQHandler                           0x080001ab   Thumb Code     0  startup_stm32f10x_md.o(.text)
    RCC_IRQHandler                           0x080001ab   Thumb Code     0  startup_stm32f10x_md.o(.text)
    RTCAlarm_IRQHandler                      0x080001ab   Thumb Code     0  startup_stm32f10x_md.o(.text)
    RTC_IRQHandler                           0x080001ab   Thumb Code     0  startup_stm32f10x_md.o(.text)
    SPI1_IRQHandler                          0x080001ab   Thumb Code     0  startup_stm32f10x_md.o(.text)
    SPI2_IRQHandler                          0x080001ab   Thumb Code     0  startup_stm32f10x_md.o(.text)
    TAMPER_IRQHandler                        0x080001ab   Thumb Code     0  startup_stm32f10x_md.o(.text)
    TIM1_BRK_IRQHandler                      0x080001ab   Thumb Code     0  startup_stm32f10x_md.o(.text)
    TIM1_CC_IRQHandler                       0x080001ab   Thumb Code     0  startup_stm32f10x_md.o(.text)
    TIM1_TRG_COM_IRQHandler                  0x080001ab   Thumb Code     0  startup_stm32f10x_md.o(.text)
    TIM3_IRQHandler                          0x080001ab   Thumb Code     0  startup_stm32f10x_md.o(.text)
    USART2_IRQHandler                        0x080001ab   Thumb Code     0  startup_stm32f10x_md.o(.text)
    USART3_IRQHandler                        0x080001ab   Thumb Code     0  startup_stm32f10x_md.o(.text)
    USBWakeUp_IRQHandler                     0x080001ab   Thumb Code     0  startup_stm32f10x_md.o(.text)
    USB_HP_CAN1_TX_IRQHandler                0x080001ab   Thumb Code     0  startup_stm32f10x_md.o(.text)
    USB_LP_CAN1_RX0_IRQHandler               0x080001ab   Thumb Code     0  startup_stm32f10x_md.o(.text)
    WWDG_IRQHandler                          0x080001ab   Thumb Code     0  startup_stm32f10x_md.o(.text)
    __user_initial_stackheap                 0x080001ad   Thumb Code     0  startup_stm32f10x_md.o(.text)
    main                                     0x080001cd   Thumb Code   104  mainprogram.o(.text)
    delay_init                               0x0800023d   Thumb Code    56  delay.o(.text)
    delay_us                                 0x08000275   Thumb Code    56  delay.o(.text)
    delay_ms                                 0x080002ad   Thumb Code    56  delay.o(.text)
    MY_NVIC_SetVectorTable                   0x080002ed   Thumb Code    12  sys.o(.text)
    MY_NVIC_PriorityGroupConfig              0x080002f9   Thumb Code    36  sys.o(.text)
    MY_NVIC_Init                             0x0800031d   Thumb Code   116  sys.o(.text)
    Ex_NVIC_Config                           0x08000391   Thumb Code   146  sys.o(.text)
    MYRCC_DeInit                             0x08000423   Thumb Code    90  sys.o(.text)
    Sys_Standby                              0x0800047d   Thumb Code    68  sys.o(.text)
    Sys_Soft_Reset                           0x080004c1   Thumb Code    12  sys.o(.text)
    JTAG_Set                                 0x080004cd   Thumb Code    42  sys.o(.text)
    Stm32_Clock_Init                         0x080004f7   Thumb Code   134  sys.o(.text)
    _sys_exit                                0x080005a9   Thumb Code     6  usart.o(.text)
    fputc                                    0x080005af   Thumb Code    24  usart.o(.text)
    uart_init                                0x080005c7   Thumb Code   214  usart.o(.text)
    usart1_send                              0x0800069d   Thumb Code    22  usart.o(.text)
    LED_Init                                 0x080006c5   Thumb Code    52  led.o(.text)
    Led_Flash                                0x080006f9   Thumb Code    44  led.o(.text)
    KEY_Init                                 0x08000739   Thumb Code   110  key.o(.text)
    click_N_Double                           0x080007a7   Thumb Code   184  key.o(.text)
    click                                    0x0800085f   Thumb Code   166  key.o(.text)
    Long_Press                               0x08000905   Thumb Code    74  key.o(.text)
    OLED_WR_Byte                             0x08000985   Thumb Code    78  oled.o(.text)
    OLED_Refresh_Gram                        0x080009d3   Thumb Code    70  oled.o(.text)
    OLED_Display_On                          0x08000a19   Thumb Code    28  oled.o(.text)
    OLED_Display_Off                         0x08000a35   Thumb Code    28  oled.o(.text)
    OLED_Clear                               0x08000a51   Thumb Code    42  oled.o(.text)
    OLED_DrawPoint                           0x08000a7b   Thumb Code   100  oled.o(.text)
    OLED_ShowChar                            0x08000adf   Thumb Code   158  oled.o(.text)
    oled_pow                                 0x08000b7d   Thumb Code    22  oled.o(.text)
    OLED_ShowNumber                          0x08000b93   Thumb Code   148  oled.o(.text)
    OLED_ShowString                          0x08000c27   Thumb Code    68  oled.o(.text)
    OLED_Init                                0x08000c6b   Thumb Code   348  oled.o(.text)
    Timer1_Init                              0x08000dc9   Thumb Code    82  timer.o(.text)
    Motor_Init                               0x08000e25   Thumb Code    36  motor.o(.text)
    Motor_PWM_Init                           0x08000e49   Thumb Code   154  motor.o(.text)
    Encoder_Init_TIM2                        0x08000ef5   Thumb Code   192  encoder.o(.text)
    Encoder_Init_TIM4                        0x08000fb5   Thumb Code   234  encoder.o(.text)
    Read_Encoder                             0x0800109f   Thumb Code    58  encoder.o(.text)
    TIM4_IRQHandler                          0x080010d9   Thumb Code    24  encoder.o(.text)
    TIM2_IRQHandler                          0x080010f1   Thumb Code    24  encoder.o(.text)
    EXTI_Init                                0x0800111d   Thumb Code    72  exti.o(.text)
    EXTI9_5_IRQHandler                       0x08001165   Thumb Code    90  exti.o(.text)
    EXTI15_10_IRQHandler                     0x080011bf   Thumb Code   154  exti.o(.text)
    myabs                                    0x0800127d   Thumb Code    14  control.o(.text)
    Set_Pwm                                  0x0800128b   Thumb Code    50  control.o(.text)
    Turn_Off                                 0x080012bd   Thumb Code    34  control.o(.text)
    Xianfu_Pwm                               0x080012df   Thumb Code    34  control.o(.text)
    TIM1_UP_IRQHandler                       0x08001301   Thumb Code   176  control.o(.text)
    balance                                  0x080013b1   Thumb Code    86  control.o(.text)
    Position                                 0x08001407   Thumb Code   176  control.o(.text)
    Key_Click                                0x080014b7   Thumb Code    62  control.o(.text)
    Key                                      0x080014f5   Thumb Code   134  control.o(.text)
    oled_show                                0x080015f9   Thumb Code  1156  show.o(.text)
    dataTxRx                                 0x08001a7d   Thumb Code   114  show.o(.text)
    USART1_IRQHandler                        0x08001aef   Thumb Code    90  show.o(.text)
    Float2Byte                               0x08001b79   Thumb Code    28  data_protocol.o(.text)
    Byte2Float                               0x08001b95   Thumb Code    10  data_protocol.o(.text)
    dataSendBuffer_GetData                   0x08001b9f   Thumb Code   158  data_protocol.o(.text)
    dataProtocol_SendPack                    0x08001c3d   Thumb Code   148  data_protocol.o(.text)
    dataProtocol_Unpack                      0x08001cd1   Thumb Code   114  data_protocol.o(.text)
    __use_no_semihosting                     0x08001d55   Thumb Code     2  use_no_semi_2.o(.text)
    __aeabi_memclr                           0x08001d57   Thumb Code     0  rt_memclr.o(.text)
    __rt_memclr                              0x08001d57   Thumb Code    68  rt_memclr.o(.text)
    _memset                                  0x08001d5b   Thumb Code     0  rt_memclr.o(.text)
    __use_two_region_memory                  0x08001d9b   Thumb Code     2  heapauxi.o(.text)
    __rt_heap_escrow$2region                 0x08001d9d   Thumb Code     2  heapauxi.o(.text)
    __rt_heap_expand$2region                 0x08001d9f   Thumb Code     2  heapauxi.o(.text)
    __I$use$semihosting                      0x08001da1   Thumb Code     0  use_no_semi.o(.text)
    __use_no_semihosting_swi                 0x08001da1   Thumb Code     2  use_no_semi.o(.text)
    __aeabi_memclr4                          0x08001da3   Thumb Code     0  rt_memclr_w.o(.text)
    __aeabi_memclr8                          0x08001da3   Thumb Code     0  rt_memclr_w.o(.text)
    __rt_memclr_w                            0x08001da3   Thumb Code    78  rt_memclr_w.o(.text)
    _memset_w                                0x08001da7   Thumb Code     0  rt_memclr_w.o(.text)
    __user_setup_stackheap                   0x08001df1   Thumb Code    74  sys_stackheap_outer.o(.text)
    exit                                     0x08001e3b   Thumb Code    18  exit.o(.text)
    __user_libspace                          0x08001e4d   Thumb Code     8  libspace.o(.text)
    __user_perproc_libspace                  0x08001e4d   Thumb Code     0  libspace.o(.text)
    __user_perthread_libspace                0x08001e4d   Thumb Code     0  libspace.o(.text)
    __aeabi_d2f                              0x08001e55   Thumb Code     0  d2f.o(x$fpl$d2f)
    _d2f                                     0x08001e55   Thumb Code    98  d2f.o(x$fpl$d2f)
    __aeabi_dadd                             0x08001eb9   Thumb Code     0  daddsub_clz.o(x$fpl$dadd)
    _dadd                                    0x08001eb9   Thumb Code   332  daddsub_clz.o(x$fpl$dadd)
    __aeabi_dmul                             0x08002009   Thumb Code     0  dmul.o(x$fpl$dmul)
    _dmul                                    0x08002009   Thumb Code   332  dmul.o(x$fpl$dmul)
    __fpl_dnaninf                            0x0800215d   Thumb Code   156  dnaninf.o(x$fpl$dnaninf)
    __fpl_dretinf                            0x080021f9   Thumb Code    12  dretinf.o(x$fpl$dretinf)
    __aeabi_dsub                             0x08002205   Thumb Code     0  daddsub_clz.o(x$fpl$dsub)
    _dsub                                    0x08002205   Thumb Code   464  daddsub_clz.o(x$fpl$dsub)
    __aeabi_f2d                              0x080023d9   Thumb Code     0  f2d.o(x$fpl$f2d)
    _f2d                                     0x080023d9   Thumb Code    86  f2d.o(x$fpl$f2d)
    __aeabi_fadd                             0x08002431   Thumb Code     0  faddsub_clz.o(x$fpl$fadd)
    _fadd                                    0x08002431   Thumb Code   196  faddsub_clz.o(x$fpl$fadd)
    __fpl_fcmp_Inf                           0x080024f5   Thumb Code    24  fcmpi.o(x$fpl$fcmpinf)
    __aeabi_fdiv                             0x0800250d   Thumb Code     0  fdiv.o(x$fpl$fdiv)
    _fdiv                                    0x0800250d   Thumb Code   384  fdiv.o(x$fpl$fdiv)
    __aeabi_cfcmpeq                          0x08002691   Thumb Code     0  feqf.o(x$fpl$feqf)
    _fcmpeq                                  0x08002691   Thumb Code   104  feqf.o(x$fpl$feqf)
    __aeabi_f2iz                             0x080026f9   Thumb Code     0  ffix.o(x$fpl$ffix)
    _ffix                                    0x080026f9   Thumb Code    54  ffix.o(x$fpl$ffix)
    __aeabi_f2uiz                            0x08002731   Thumb Code     0  ffixu.o(x$fpl$ffixu)
    _ffixu                                   0x08002731   Thumb Code    62  ffixu.o(x$fpl$ffixu)
    __aeabi_i2f                              0x08002771   Thumb Code     0  fflt_clz.o(x$fpl$fflt)
    _fflt                                    0x08002771   Thumb Code    48  fflt_clz.o(x$fpl$fflt)
    __aeabi_ui2f                             0x080027a1   Thumb Code     0  fflt_clz.o(x$fpl$ffltu)
    _ffltu                                   0x080027a1   Thumb Code    38  fflt_clz.o(x$fpl$ffltu)
    __aeabi_cfcmple                          0x080027c9   Thumb Code     0  fleqf.o(x$fpl$fleqf)
    _fcmple                                  0x080027c9   Thumb Code   104  fleqf.o(x$fpl$fleqf)
    __fpl_fcmple_InfNaN                      0x0800281b   Thumb Code     0  fleqf.o(x$fpl$fleqf)
    __aeabi_fmul                             0x08002831   Thumb Code     0  fmul.o(x$fpl$fmul)
    _fmul                                    0x08002831   Thumb Code   258  fmul.o(x$fpl$fmul)
    __fpl_fnaninf                            0x08002933   Thumb Code   140  fnaninf.o(x$fpl$fnaninf)
    __fpl_fretinf                            0x080029bf   Thumb Code    10  fretinf.o(x$fpl$fretinf)
    __aeabi_frsub                            0x080029c9   Thumb Code     0  faddsub_clz.o(x$fpl$frsb)
    _frsb                                    0x080029c9   Thumb Code    20  faddsub_clz.o(x$fpl$frsb)
    __aeabi_fsub                             0x080029dd   Thumb Code     0  faddsub_clz.o(x$fpl$fsub)
    _fsub                                    0x080029dd   Thumb Code   234  faddsub_clz.o(x$fpl$fsub)
    __I$use$fp                               0x08002ac6   Number         0  usenofp.o(x$fpl$usenofp)
    oled_asc2_1206                           0x08002ac6   Data        1140  oled.o(.constdata)
    oled_asc2_1608                           0x08002f3a   Data        1520  oled.o(.constdata)
    Region$$Table$$Base                      0x0800352c   Number         0  anon$$obj.o(Region$$Table)
    Region$$Table$$Limit                     0x0800354c   Number         0  anon$$obj.o(Region$$Table)
    Flag_Stop                                0x20000000   Data           1  mainprogram.o(.data)
    delay_50                                 0x20000001   Data           1  mainprogram.o(.data)
    delay_20                                 0x20000002   Data           1  mainprogram.o(.data)
    delay_flag                               0x20000003   Data           1  mainprogram.o(.data)
    motor_flag                               0x20000004   Data           1  mainprogram.o(.data)
    Encoder                                  0x20000008   Data           4  mainprogram.o(.data)
    Position_Zero                            0x2000000c   Data           4  mainprogram.o(.data)
    Moto                                     0x20000010   Data           4  mainprogram.o(.data)
    Voltage                                  0x20000014   Data           4  mainprogram.o(.data)
    Angle_Balance                            0x20000018   Data           4  mainprogram.o(.data)
    Balance_KP                               0x2000001c   Data           4  mainprogram.o(.data)
    Balance_KD                               0x20000020   Data           4  mainprogram.o(.data)
    Position_KP                              0x20000024   Data           4  mainprogram.o(.data)
    Position_KD                              0x20000028   Data           4  mainprogram.o(.data)
    Menu                                     0x2000002c   Data           4  mainprogram.o(.data)
    Amplitude1                               0x20000030   Data           4  mainprogram.o(.data)
    Amplitude2                               0x20000034   Data           4  mainprogram.o(.data)
    Amplitude3                               0x20000038   Data           4  mainprogram.o(.data)
    Amplitude4                               0x2000003c   Data           4  mainprogram.o(.data)
    Rec_TEST                                 0x20000040   Data           4  mainprogram.o(.data)
    Balance_Pwm                              0x2000005c   Data           4  control.o(.data)
    Position_Pwm                             0x20000060   Data           4  control.o(.data)
    Flag_Target                              0x20000064   Data           1  control.o(.data)
    Position_Target                          0x20000065   Data           1  control.o(.data)
    i                                        0x200000a0   Data           1  show.o(.data)
    temp                                     0x200000a1   Data           1  show.o(.data)
    Send_Count                               0x200000a2   Data           1  show.o(.data)
    Vol                                      0x200000a4   Data           4  show.o(.data)
    receiveBuffer_cnt                        0x200000ac   Data           4  data_protocol.o(.data)
    OLED_GRAM                                0x200000b4   Data        1024  oled.o(.bss)
    DataSend_Buffer                          0x200004b4   Data          42  data_protocol.o(.bss)
    DataReceive_Buff                         0x200004de   Data         100  data_protocol.o(.bss)
    __libspace_start                         0x20000544   Data          96  libspace.o(.bss)
    __temporary_stack_top$libspace           0x200005a4   Data           0  libspace.o(.bss)



==============================================================================

Memory Map of the image

  Image Entry point : 0x080000ed

  Load Region LR_IROM1 (Base: 0x08000000, Size: 0x00003600, Max: 0x00010000, ABSOLUTE)

    Execution Region ER_IROM1 (Exec base: 0x08000000, Load base: 0x08000000, Size: 0x0000354c, Max: 0x00010000, ABSOLUTE)

    Exec Addr    Load Addr    Size         Type   Attr      Idx    E Section Name        Object

    0x08000000   0x08000000   0x000000ec   Data   RO            3    RESET               startup_stm32f10x_md.o
    0x080000ec   0x080000ec   0x00000008   Code   RO          309  * !!!main             c_w.l(__main.o)
    0x080000f4   0x080000f4   0x00000034   Code   RO          533    !!!scatter          c_w.l(__scatter.o)
    0x08000128   0x08000128   0x0000001a   Code   RO          535    !!handler_copy      c_w.l(__scatter_copy.o)
    0x08000142   0x08000142   0x00000002   PAD
    0x08000144   0x08000144   0x0000001c   Code   RO          537    !!handler_zi        c_w.l(__scatter_zi.o)
    0x08000160   0x08000160   0x00000002   Code   RO          407    .ARM.Collect$$libinit$$00000000  c_w.l(libinit.o)
    0x08000162   0x08000162   0x00000000   Code   RO          414    .ARM.Collect$$libinit$$00000002  c_w.l(libinit2.o)
    0x08000162   0x08000162   0x00000000   Code   RO          416    .ARM.Collect$$libinit$$00000004  c_w.l(libinit2.o)
    0x08000162   0x08000162   0x00000000   Code   RO          419    .ARM.Collect$$libinit$$0000000A  c_w.l(libinit2.o)
    0x08000162   0x08000162   0x00000000   Code   RO          421    .ARM.Collect$$libinit$$0000000C  c_w.l(libinit2.o)
    0x08000162   0x08000162   0x00000000   Code   RO          423    .ARM.Collect$$libinit$$0000000E  c_w.l(libinit2.o)
    0x08000162   0x08000162   0x00000000   Code   RO          426    .ARM.Collect$$libinit$$00000011  c_w.l(libinit2.o)
    0x08000162   0x08000162   0x00000000   Code   RO          428    .ARM.Collect$$libinit$$00000013  c_w.l(libinit2.o)
    0x08000162   0x08000162   0x00000000   Code   RO          430    .ARM.Collect$$libinit$$00000015  c_w.l(libinit2.o)
    0x08000162   0x08000162   0x00000000   Code   RO          432    .ARM.Collect$$libinit$$00000017  c_w.l(libinit2.o)
    0x08000162   0x08000162   0x00000000   Code   RO          434    .ARM.Collect$$libinit$$00000019  c_w.l(libinit2.o)
    0x08000162   0x08000162   0x00000000   Code   RO          436    .ARM.Collect$$libinit$$0000001B  c_w.l(libinit2.o)
    0x08000162   0x08000162   0x00000000   Code   RO          438    .ARM.Collect$$libinit$$0000001D  c_w.l(libinit2.o)
    0x08000162   0x08000162   0x00000000   Code   RO          440    .ARM.Collect$$libinit$$0000001F  c_w.l(libinit2.o)
    0x08000162   0x08000162   0x00000000   Code   RO          442    .ARM.Collect$$libinit$$00000021  c_w.l(libinit2.o)
    0x08000162   0x08000162   0x00000000   Code   RO          444    .ARM.Collect$$libinit$$00000023  c_w.l(libinit2.o)
    0x08000162   0x08000162   0x00000000   Code   RO          446    .ARM.Collect$$libinit$$00000025  c_w.l(libinit2.o)
    0x08000162   0x08000162   0x00000000   Code   RO          450    .ARM.Collect$$libinit$$0000002C  c_w.l(libinit2.o)
    0x08000162   0x08000162   0x00000000   Code   RO          452    .ARM.Collect$$libinit$$0000002E  c_w.l(libinit2.o)
    0x08000162   0x08000162   0x00000000   Code   RO          454    .ARM.Collect$$libinit$$00000030  c_w.l(libinit2.o)
    0x08000162   0x08000162   0x00000000   Code   RO          456    .ARM.Collect$$libinit$$00000032  c_w.l(libinit2.o)
    0x08000162   0x08000162   0x00000002   Code   RO          457    .ARM.Collect$$libinit$$00000033  c_w.l(libinit2.o)
    0x08000164   0x08000164   0x00000002   Code   RO          475    .ARM.Collect$$libshutdown$$00000000  c_w.l(libshutdown.o)
    0x08000166   0x08000166   0x00000000   Code   RO          485    .ARM.Collect$$libshutdown$$00000002  c_w.l(libshutdown2.o)
    0x08000166   0x08000166   0x00000000   Code   RO          487    .ARM.Collect$$libshutdown$$00000004  c_w.l(libshutdown2.o)
    0x08000166   0x08000166   0x00000000   Code   RO          490    .ARM.Collect$$libshutdown$$00000007  c_w.l(libshutdown2.o)
    0x08000166   0x08000166   0x00000000   Code   RO          493    .ARM.Collect$$libshutdown$$0000000A  c_w.l(libshutdown2.o)
    0x08000166   0x08000166   0x00000000   Code   RO          495    .ARM.Collect$$libshutdown$$0000000C  c_w.l(libshutdown2.o)
    0x08000166   0x08000166   0x00000000   Code   RO          498    .ARM.Collect$$libshutdown$$0000000F  c_w.l(libshutdown2.o)
    0x08000166   0x08000166   0x00000002   Code   RO          499    .ARM.Collect$$libshutdown$$00000010  c_w.l(libshutdown2.o)
    0x08000168   0x08000168   0x00000000   Code   RO          369    .ARM.Collect$$rtentry$$00000000  c_w.l(__rtentry.o)
    0x08000168   0x08000168   0x00000000   Code   RO          384    .ARM.Collect$$rtentry$$00000002  c_w.l(__rtentry2.o)
    0x08000168   0x08000168   0x00000006   Code   RO          396    .ARM.Collect$$rtentry$$00000004  c_w.l(__rtentry4.o)
    0x0800016e   0x0800016e   0x00000000   Code   RO          386    .ARM.Collect$$rtentry$$00000009  c_w.l(__rtentry2.o)
    0x0800016e   0x0800016e   0x00000004   Code   RO          387    .ARM.Collect$$rtentry$$0000000A  c_w.l(__rtentry2.o)
    0x08000172   0x08000172   0x00000000   Code   RO          389    .ARM.Collect$$rtentry$$0000000C  c_w.l(__rtentry2.o)
    0x08000172   0x08000172   0x00000008   Code   RO          390    .ARM.Collect$$rtentry$$0000000D  c_w.l(__rtentry2.o)
    0x0800017a   0x0800017a   0x00000002   Code   RO          411    .ARM.Collect$$rtexit$$00000000  c_w.l(rtexit.o)
    0x0800017c   0x0800017c   0x00000000   Code   RO          459    .ARM.Collect$$rtexit$$00000002  c_w.l(rtexit2.o)
    0x0800017c   0x0800017c   0x00000004   Code   RO          460    .ARM.Collect$$rtexit$$00000003  c_w.l(rtexit2.o)
    0x08000180   0x08000180   0x00000006   Code   RO          461    .ARM.Collect$$rtexit$$00000004  c_w.l(rtexit2.o)
    0x08000186   0x08000186   0x00000002   PAD
    0x08000188   0x08000188   0x0000000c   Code   RO          102    .emb_text           sys.o
    0x08000194   0x08000194   0x00000038   Code   RO            4    .text               startup_stm32f10x_md.o
    0x080001cc   0x080001cc   0x00000070   Code   RO           10    .text               mainprogram.o
    0x0800023c   0x0800023c   0x000000b0   Code   RO           84    .text               delay.o
    0x080002ec   0x080002ec   0x000002bc   Code   RO          103    .text               sys.o
    0x080005a8   0x080005a8   0x0000011c   Code   RO          118    .text               usart.o
    0x080006c4   0x080006c4   0x00000074   Code   RO          137    .text               led.o
    0x08000738   0x08000738   0x0000024c   Code   RO          150    .text               key.o
    0x08000984   0x08000984   0x00000442   Code   RO          163    .text               oled.o
    0x08000dc6   0x08000dc6   0x00000002   PAD
    0x08000dc8   0x08000dc8   0x0000005c   Code   RO          197    .text               timer.o
    0x08000e24   0x08000e24   0x000000d0   Code   RO          209    .text               motor.o
    0x08000ef4   0x08000ef4   0x00000228   Code   RO          221    .text               encoder.o
    0x0800111c   0x0800111c   0x00000160   Code   RO          233    .text               exti.o
    0x0800127c   0x0800127c   0x0000037c   Code   RO          248    .text               control.o
    0x080015f8   0x080015f8   0x00000580   Code   RO          267    .text               show.o
    0x08001b78   0x08001b78   0x000001dc   Code   RO          282    .text               data_protocol.o
    0x08001d54   0x08001d54   0x00000002   Code   RO          303    .text               c_w.l(use_no_semi_2.o)
    0x08001d56   0x08001d56   0x00000044   Code   RO          305    .text               c_w.l(rt_memclr.o)
    0x08001d9a   0x08001d9a   0x00000006   Code   RO          307    .text               c_w.l(heapauxi.o)
    0x08001da0   0x08001da0   0x00000002   Code   RO          367    .text               c_w.l(use_no_semi.o)
    0x08001da2   0x08001da2   0x0000004e   Code   RO          370    .text               c_w.l(rt_memclr_w.o)
    0x08001df0   0x08001df0   0x0000004a   Code   RO          398    .text               c_w.l(sys_stackheap_outer.o)
    0x08001e3a   0x08001e3a   0x00000012   Code   RO          400    .text               c_w.l(exit.o)
    0x08001e4c   0x08001e4c   0x00000008   Code   RO          408    .text               c_w.l(libspace.o)
    0x08001e54   0x08001e54   0x00000062   Code   RO          311    x$fpl$d2f           fz_ws.l(d2f.o)
    0x08001eb6   0x08001eb6   0x00000002   PAD
    0x08001eb8   0x08001eb8   0x00000150   Code   RO          313    x$fpl$dadd          fz_ws.l(daddsub_clz.o)
    0x08002008   0x08002008   0x00000154   Code   RO          333    x$fpl$dmul          fz_ws.l(dmul.o)
    0x0800215c   0x0800215c   0x0000009c   Code   RO          372    x$fpl$dnaninf       fz_ws.l(dnaninf.o)
    0x080021f8   0x080021f8   0x0000000c   Code   RO          374    x$fpl$dretinf       fz_ws.l(dretinf.o)
    0x08002204   0x08002204   0x000001d4   Code   RO          315    x$fpl$dsub          fz_ws.l(daddsub_clz.o)
    0x080023d8   0x080023d8   0x00000056   Code   RO          335    x$fpl$f2d           fz_ws.l(f2d.o)
    0x0800242e   0x0800242e   0x00000002   PAD
    0x08002430   0x08002430   0x000000c4   Code   RO          337    x$fpl$fadd          fz_ws.l(faddsub_clz.o)
    0x080024f4   0x080024f4   0x00000018   Code   RO          376    x$fpl$fcmpinf       fz_ws.l(fcmpi.o)
    0x0800250c   0x0800250c   0x00000184   Code   RO          344    x$fpl$fdiv          fz_ws.l(fdiv.o)
    0x08002690   0x08002690   0x00000068   Code   RO          347    x$fpl$feqf          fz_ws.l(feqf.o)
    0x080026f8   0x080026f8   0x00000036   Code   RO          349    x$fpl$ffix          fz_ws.l(ffix.o)
    0x0800272e   0x0800272e   0x00000002   PAD
    0x08002730   0x08002730   0x0000003e   Code   RO          353    x$fpl$ffixu         fz_ws.l(ffixu.o)
    0x0800276e   0x0800276e   0x00000002   PAD
    0x08002770   0x08002770   0x00000030   Code   RO          358    x$fpl$fflt          fz_ws.l(fflt_clz.o)
    0x080027a0   0x080027a0   0x00000026   Code   RO          357    x$fpl$ffltu         fz_ws.l(fflt_clz.o)
    0x080027c6   0x080027c6   0x00000002   PAD
    0x080027c8   0x080027c8   0x00000068   Code   RO          363    x$fpl$fleqf         fz_ws.l(fleqf.o)
    0x08002830   0x08002830   0x00000102   Code   RO          365    x$fpl$fmul          fz_ws.l(fmul.o)
    0x08002932   0x08002932   0x0000008c   Code   RO          378    x$fpl$fnaninf       fz_ws.l(fnaninf.o)
    0x080029be   0x080029be   0x0000000a   Code   RO          380    x$fpl$fretinf       fz_ws.l(fretinf.o)
    0x080029c8   0x080029c8   0x00000014   Code   RO          338    x$fpl$frsb          fz_ws.l(faddsub_clz.o)
    0x080029dc   0x080029dc   0x000000ea   Code   RO          339    x$fpl$fsub          fz_ws.l(faddsub_clz.o)
    0x08002ac6   0x08002ac6   0x00000000   Code   RO          382    x$fpl$usenofp       fz_ws.l(usenofp.o)
    0x08002ac6   0x08002ac6   0x00000a64   Data   RO          165    .constdata          oled.o
    0x0800352a   0x0800352a   0x00000002   PAD
    0x0800352c   0x0800352c   0x00000020   Data   RO          531    Region$$Table       anon$$obj.o


    Execution Region RW_IRAM1 (Exec base: 0x20000000, Load base: 0x0800354c, Size: 0x00000ba8, Max: 0x00005000, ABSOLUTE)

    Exec Addr    Load Addr    Size         Type   Attr      Idx    E Section Name        Object

    0x20000000   0x0800354c   0x00000044   Data   RW           11    .data               mainprogram.o
    0x20000044   0x08003590   0x00000004   Data   RW           85    .data               delay.o
    0x20000048   0x08003594   0x00000004   Data   RW          138    .data               led.o
    0x2000004c   0x08003598   0x0000000e   Data   RW          151    .data               key.o
    0x2000005a   0x080035a6   0x00000002   PAD
    0x2000005c   0x080035a8   0x00000041   Data   RW          249    .data               control.o
    0x2000009d   0x080035e9   0x00000003   PAD
    0x200000a0   0x080035ec   0x0000000c   Data   RW          268    .data               show.o
    0x200000ac   0x080035f8   0x00000008   Data   RW          284    .data               data_protocol.o
    0x200000b4        -       0x00000400   Zero   RW          164    .bss                oled.o
    0x200004b4        -       0x0000008e   Zero   RW          283    .bss                data_protocol.o
    0x20000542   0x08003600   0x00000002   PAD
    0x20000544        -       0x00000060   Zero   RW          409    .bss                c_w.l(libspace.o)
    0x200005a4   0x08003600   0x00000004   PAD
    0x200005a8        -       0x00000200   Zero   RW            2    HEAP                startup_stm32f10x_md.o
    0x200007a8        -       0x00000400   Zero   RW            1    STACK               startup_stm32f10x_md.o


==============================================================================

Image component sizes


      Code (inc. data)   RO Data    RW Data    ZI Data      Debug   Object Name

       892        126          0         65          0       2817   control.o
       476         42          0          8        142       2638   data_protocol.o
       176          8          0          4          0       1007   delay.o
       552         20          0          0          0       1259   encoder.o
       352         36          0          0          0        860   exti.o
       588         54          0         14          0       1459   key.o
       116         20          0          4          0        625   led.o
       112          8          0         68          0     207500   mainprogram.o
       208         18          0          0          0        728   motor.o
      1090         46       2660          0       1024       4463   oled.o
      1408        186          0         12          0       1459   show.o
        56         22        236          0       1536        792   startup_stm32f10x_md.o
       712         44          0          0          0       2787   sys.o
        92         10          0          0          0        554   timer.o
       284         18          0          0          0       2667   usart.o

    ----------------------------------------------------------------------
      7116        658       2930        180       2704     231615   Object Totals
         0          0         32          0          0          0   (incl. Generated)
         2          0          2          5          2          0   (incl. Padding)

    ----------------------------------------------------------------------

      Code (inc. data)   RO Data    RW Data    ZI Data      Debug   Library Member Name

         8          0          0          0          0         68   __main.o
         0          0          0          0          0          0   __rtentry.o
        12          0          0          0          0          0   __rtentry2.o
         6          0          0          0          0          0   __rtentry4.o
        52          8          0          0          0          0   __scatter.o
        26          0          0          0          0          0   __scatter_copy.o
        28          0          0          0          0          0   __scatter_zi.o
        18          0          0          0          0         80   exit.o
         6          0          0          0          0        152   heapauxi.o
         2          0          0          0          0          0   libinit.o
         2          0          0          0          0          0   libinit2.o
         2          0          0          0          0          0   libshutdown.o
         2          0          0          0          0          0   libshutdown2.o
         8          4          0          0         96         68   libspace.o
        68          0          0          0          0         68   rt_memclr.o
        78          0          0          0          0         80   rt_memclr_w.o
         2          0          0          0          0          0   rtexit.o
        10          0          0          0          0          0   rtexit2.o
        74          0          0          0          0         80   sys_stackheap_outer.o
         2          0          0          0          0         68   use_no_semi.o
         2          0          0          0          0         68   use_no_semi_2.o
        98          4          0          0          0         92   d2f.o
       804         16          0          0          0        272   daddsub_clz.o
       340         12          0          0          0        104   dmul.o
       156          4          0          0          0         92   dnaninf.o
        12          0          0          0          0         68   dretinf.o
        86          4          0          0          0         84   f2d.o
       450          8          0          0          0        236   faddsub_clz.o
        24          0          0          0          0         68   fcmpi.o
       388         76          0          0          0         96   fdiv.o
       104          4          0          0          0         84   feqf.o
        54          4          0          0          0         84   ffix.o
        62          4          0          0          0         84   ffixu.o
        86          0          0          0          0        136   fflt_clz.o
       104          4          0          0          0         84   fleqf.o
       258          4          0          0          0         84   fmul.o
       140          4          0          0          0         84   fnaninf.o
        10          0          0          0          0         68   fretinf.o
         0          0          0          0          0          0   usenofp.o

    ----------------------------------------------------------------------
      3598        160          0          0        100       2552   Library Totals
        14          0          0          0          4          0   (incl. Padding)

    ----------------------------------------------------------------------

      Code (inc. data)   RO Data    RW Data    ZI Data      Debug   Library Name

       408         12          0          0         96        732   c_w.l
      3176        148          0          0          0       1820   fz_ws.l

    ----------------------------------------------------------------------
      3598        160          0          0        100       2552   Library Totals

    ----------------------------------------------------------------------

==============================================================================


      Code (inc. data)   RO Data    RW Data    ZI Data      Debug   

     10714        818       2930        180       2804     231719   Grand Totals
     10714        818       2930        180       2804     231719   ELF Image Totals
     10714        818       2930        180          0          0   ROM Totals

==============================================================================

    Total RO  Size (Code + RO Data)                13644 (  13.32kB)
    Total RW  Size (RW Data + ZI Data)              2984 (   2.91kB)
    Total ROM Size (Code + RO Data + RW Data)      13824 (  13.50kB)

==============================================================================

